Archive member included to satisfy reference by file (symbol)

E:\TrueStudio\Project\STM32F4_Discovery\STM32F4_Discovery_Audio_BaseCode\Core\Inc\libPDMFilter_CM4_GCC.a(pdm_filter.o)
                              Core\Src\stm32f4_discovery_audio.o (PDM_Filter_Init)
c:/program files (x86)/atollic/truestudio for stm32 9.0.1/armtools/bin/../lib/gcc/arm-atollic-eabi/6.3.1/../../../../arm-atollic-eabi/lib/armv7e-m/fpu\libc_nano.a(lib_a-init.o)
                              startup\startup_stm32f407xx.o (__libc_init_array)
c:/program files (x86)/atollic/truestudio for stm32 9.0.1/armtools/bin/../lib/gcc/arm-atollic-eabi/6.3.1/../../../../arm-atollic-eabi/lib/armv7e-m/fpu\libc_nano.a(lib_a-malloc.o)
                              Middlewares\ST\STM32_USB_Host_Library\Class\MSC\Src\usbh_msc.o (malloc)
c:/program files (x86)/atollic/truestudio for stm32 9.0.1/armtools/bin/../lib/gcc/arm-atollic-eabi/6.3.1/../../../../arm-atollic-eabi/lib/armv7e-m/fpu\libc_nano.a(lib_a-memcpy-stub.o)
                              FATFS\usbh_diskio_dma.o (memcpy)
c:/program files (x86)/atollic/truestudio for stm32 9.0.1/armtools/bin/../lib/gcc/arm-atollic-eabi/6.3.1/../../../../arm-atollic-eabi/lib/armv7e-m/fpu\libc_nano.a(lib_a-memset.o)
                              Middlewares\ST\STM32_USB_Host_Library\Class\MSC\Src\usbh_msc.o (memset)
c:/program files (x86)/atollic/truestudio for stm32 9.0.1/armtools/bin/../lib/gcc/arm-atollic-eabi/6.3.1/../../../../arm-atollic-eabi/lib/armv7e-m/fpu\libc_nano.a(lib_a-nano-freer.o)
                              c:/program files (x86)/atollic/truestudio for stm32 9.0.1/armtools/bin/../lib/gcc/arm-atollic-eabi/6.3.1/../../../../arm-atollic-eabi/lib/armv7e-m/fpu\libc_nano.a(lib_a-malloc.o) (_free_r)
c:/program files (x86)/atollic/truestudio for stm32 9.0.1/armtools/bin/../lib/gcc/arm-atollic-eabi/6.3.1/../../../../arm-atollic-eabi/lib/armv7e-m/fpu\libc_nano.a(lib_a-nano-mallocr.o)
                              c:/program files (x86)/atollic/truestudio for stm32 9.0.1/armtools/bin/../lib/gcc/arm-atollic-eabi/6.3.1/../../../../arm-atollic-eabi/lib/armv7e-m/fpu\libc_nano.a(lib_a-malloc.o) (_malloc_r)
c:/program files (x86)/atollic/truestudio for stm32 9.0.1/armtools/bin/../lib/gcc/arm-atollic-eabi/6.3.1/../../../../arm-atollic-eabi/lib/armv7e-m/fpu\libc_nano.a(lib_a-sbrkr.o)
                              c:/program files (x86)/atollic/truestudio for stm32 9.0.1/armtools/bin/../lib/gcc/arm-atollic-eabi/6.3.1/../../../../arm-atollic-eabi/lib/armv7e-m/fpu\libc_nano.a(lib_a-nano-mallocr.o) (_sbrk_r)
c:/program files (x86)/atollic/truestudio for stm32 9.0.1/armtools/bin/../lib/gcc/arm-atollic-eabi/6.3.1/../../../../arm-atollic-eabi/lib/armv7e-m/fpu\libc_nano.a(lib_a-impure.o)
                              c:/program files (x86)/atollic/truestudio for stm32 9.0.1/armtools/bin/../lib/gcc/arm-atollic-eabi/6.3.1/../../../../arm-atollic-eabi/lib/armv7e-m/fpu\libc_nano.a(lib_a-malloc.o) (_impure_ptr)
c:/program files (x86)/atollic/truestudio for stm32 9.0.1/armtools/bin/../lib/gcc/arm-atollic-eabi/6.3.1/../../../../arm-atollic-eabi/lib/armv7e-m/fpu\libc_nano.a(lib_a-mlock.o)
                              c:/program files (x86)/atollic/truestudio for stm32 9.0.1/armtools/bin/../lib/gcc/arm-atollic-eabi/6.3.1/../../../../arm-atollic-eabi/lib/armv7e-m/fpu\libc_nano.a(lib_a-nano-freer.o) (__malloc_lock)
c:/program files (x86)/atollic/truestudio for stm32 9.0.1/armtools/bin/../lib/gcc/arm-atollic-eabi/6.3.1/../../../../arm-atollic-eabi/lib/armv7e-m/fpu\libc_nano.a(lib_a-reent.o)
                              c:/program files (x86)/atollic/truestudio for stm32 9.0.1/armtools/bin/../lib/gcc/arm-atollic-eabi/6.3.1/../../../../arm-atollic-eabi/lib/armv7e-m/fpu\libc_nano.a(lib_a-sbrkr.o) (errno)
c:/program files (x86)/atollic/truestudio for stm32 9.0.1/armtools/bin/../lib/gcc/arm-atollic-eabi/6.3.1/../../../../arm-atollic-eabi/lib/armv7e-m/fpu\libm.a(lib_a-s_round.o)
                              E:\TrueStudio\Project\STM32F4_Discovery\STM32F4_Discovery_Audio_BaseCode\Core\Inc\libPDMFilter_CM4_GCC.a(pdm_filter.o) (round)
c:/program files (x86)/atollic/truestudio for stm32 9.0.1/armtools/bin/../lib/gcc/arm-atollic-eabi/6.3.1/../../../../arm-atollic-eabi/lib/armv7e-m/fpu\libm.a(lib_a-wf_pow.o)
                              E:\TrueStudio\Project\STM32F4_Discovery\STM32F4_Discovery_Audio_BaseCode\Core\Inc\libPDMFilter_CM4_GCC.a(pdm_filter.o) (powf)
c:/program files (x86)/atollic/truestudio for stm32 9.0.1/armtools/bin/../lib/gcc/arm-atollic-eabi/6.3.1/../../../../arm-atollic-eabi/lib/armv7e-m/fpu\libm.a(lib_a-ef_pow.o)
                              c:/program files (x86)/atollic/truestudio for stm32 9.0.1/armtools/bin/../lib/gcc/arm-atollic-eabi/6.3.1/../../../../arm-atollic-eabi/lib/armv7e-m/fpu\libm.a(lib_a-wf_pow.o) (__ieee754_powf)
c:/program files (x86)/atollic/truestudio for stm32 9.0.1/armtools/bin/../lib/gcc/arm-atollic-eabi/6.3.1/../../../../arm-atollic-eabi/lib/armv7e-m/fpu\libm.a(lib_a-ef_sqrt.o)
[...]
Memory Configuration

Name             Origin             Length             Attributes
RAM              0x20000000         0x00020000         xrw
CCMRAM           0x10000000         0x00010000         rw
FLASH            0x08000000         0x00100000         xr
*default*        0x00000000         0xffffffff

Linker script and memory map

LOAD c:/program files (x86)/atollic/truestudio for stm32 9.0.1/armtools/bin/../lib/gcc/arm-atollic-eabi/6.3.1/armv7e-m/fpu/crti.o
LOAD c:/program files (x86)/atollic/truestudio for stm32 9.0.1/armtools/bin/../lib/gcc/arm-atollic-eabi/6.3.1/armv7e-m/fpu/crtbegin.o
LOAD Core\Src\cs43l22.o
LOAD Core\Src\gpio.o
LOAD Core\Src\i2c.o
LOAD Core\Src\i2s.o
LOAD Core\Src\main.o
LOAD Core\Src\spi.o
LOAD Core\Src\stm32f4_discovery.o
LOAD Core\Src\stm32f4_discovery_audio.o
LOAD Core\Src\stm32f4xx_hal_msp.o
LOAD Core\Src\stm32f4xx_it.o
LOAD Core\Src\system_stm32f4xx.o
LOAD Core\Src\waveplayer.o
LOAD Drivers\STM32F4xx_HAL_Driver\Src\stm32f4xx_hal.o
LOAD Drivers\STM32F4xx_HAL_Driver\Src\stm32f4xx_hal_cortex.o
LOAD Drivers\STM32F4xx_HAL_Driver\Src\stm32f4xx_hal_dma.o
LOAD Drivers\STM32F4xx_HAL_Driver\Src\stm32f4xx_hal_dma_ex.o
LOAD Drivers\STM32F4xx_HAL_Driver\Src\stm32f4xx_hal_flash.o
LOAD Drivers\STM32F4xx_HAL_Driver\Src\stm32f4xx_hal_flash_ex.o
LOAD Drivers\STM32F4xx_HAL_Driver\Src\stm32f4xx_hal_flash_ramfunc.o
LOAD Drivers\STM32F4xx_HAL_Driver\Src\stm32f4xx_hal_gpio.o
LOAD Drivers\STM32F4xx_HAL_Driver\Src\stm32f4xx_hal_hcd.o
LOAD Drivers\STM32F4xx_HAL_Driver\Src\stm32f4xx_hal_i2c.o
LOAD Drivers\STM32F4xx_HAL_Driver\Src\stm32f4xx_hal_i2c_ex.o
LOAD Drivers\STM32F4xx_HAL_Driver\Src\stm32f4xx_hal_i2s.o
LOAD Drivers\STM32F4xx_HAL_Driver\Src\stm32f4xx_hal_i2s_ex.o
LOAD Drivers\STM32F4xx_HAL_Driver\Src\stm32f4xx_hal_pwr.o
LOAD Drivers\STM32F4xx_HAL_Driver\Src\stm32f4xx_hal_pwr_ex.o
LOAD Drivers\STM32F4xx_HAL_Driver\Src\stm32f4xx_hal_rcc.o
LOAD Drivers\STM32F4xx_HAL_Driver\Src\stm32f4xx_hal_rcc_ex.o
LOAD Drivers\STM32F4xx_HAL_Driver\Src\stm32f4xx_hal_spi.o
LOAD Drivers\STM32F4xx_HAL_Driver\Src\stm32f4xx_hal_tim.o
LOAD Drivers\STM32F4xx_HAL_Driver\Src\stm32f4xx_hal_tim_ex.o
LOAD Drivers\STM32F4xx_HAL_Driver\Src\stm32f4xx_ll_usb.o
LOAD FATFS\fatfs.o
LOAD FATFS\usbh_diskio_dma.o
LOAD Middlewares\ST\STM32_USB_Host_Library\Class\MSC\Src\usbh_msc.o
LOAD Middlewares\ST\STM32_USB_Host_Library\Class\MSC\Src\usbh_msc_bot.o
LOAD Middlewares\ST\STM32_USB_Host_Library\Class\MSC\Src\usbh_msc_scsi.o
LOAD Middlewares\ST\STM32_USB_Host_Library\Core\Src\usbh_core.o
LOAD Middlewares\ST\STM32_USB_Host_Library\Core\Src\usbh_ctlreq.o
LOAD Middlewares\ST\STM32_USB_Host_Library\Core\Src\usbh_ioreq.o
LOAD Middlewares\ST\STM32_USB_Host_Library\Core\Src\usbh_pipes.o
LOAD Middlewares\Third_Party\FatFs\src\diskio.o
LOAD Middlewares\Third_Party\FatFs\src\ff.o
LOAD Middlewares\Third_Party\FatFs\src\ff_gen_drv.o
LOAD Middlewares\Third_Party\FatFs\src\option\syscall.o
LOAD USB_HOST\Target\usbh_platform.o
LOAD USB_HOST\usb_host.o
LOAD USB_HOST\usbh_conf.o
LOAD startup\startup_stm32f407xx.o
LOAD E:\TrueStudio\Project\STM32F4_Discovery\STM32F4_Discovery_Audio_BaseCode\Core\Inc\libPDMFilter_CM4_GCC.a
                0x00000080                malloc_getpagesize_P = 0x80
START GROUP
LOAD c:/program files (x86)/atollic/truestudio for stm32 9.0.1/armtools/bin/../lib/gcc/arm-atollic-eabi/6.3.1/../../../../arm-atollic-eabi/lib/armv7e-m/fpu\libc_nano.a
LOAD c:/program files (x86)/atollic/truestudio for stm32 9.0.1/armtools/bin/../lib/gcc/arm-atollic-eabi/6.3.1/../../../../arm-atollic-eabi/lib/armv7e-m/fpu\libm.a
END GROUP
START GROUP
LOAD c:/program files (x86)/atollic/truestudio for stm32 9.0.1/armtools/bin/../lib/gcc/arm-atollic-eabi/6.3.1/armv7e-m/fpu\libgcc.a
LOAD c:/program files (x86)/atollic/truestudio for stm32 9.0.1/armtools/bin/../lib/gcc/arm-atollic-eabi/6.3.1/../../../../arm-atollic-eabi/lib/armv7e-m/fpu\libc_nano.a
END GROUP
START GROUP
LOAD c:/program files (x86)/atollic/truestudio for stm32 9.0.1/armtools/bin/../lib/gcc/arm-atollic-eabi/6.3.1/armv7e-m/fpu\libgcc.a
LOAD c:/program files (x86)/atollic/truestudio for stm32 9.0.1/armtools/bin/../lib/gcc/arm-atollic-eabi/6.3.1/../../../../arm-atollic-eabi/lib/armv7e-m/fpu\libc_nano.a
LOAD c:/program files (x86)/atollic/truestudio for stm32 9.0.1/armtools/bin/../lib/gcc/arm-atollic-eabi/6.3.1/../../../../arm-atollic-eabi/lib/armv7e-m/fpu\libnosys.a
END GROUP
START GROUP
LOAD c:/program files (x86)/atollic/truestudio for stm32 9.0.1/armtools/bin/../lib/gcc/arm-atollic-eabi/6.3.1/armv7e-m/fpu\libgcc.a
LOAD c:/program files (x86)/atollic/truestudio for stm32 9.0.1/armtools/bin/../lib/gcc/arm-atollic-eabi/6.3.1/../../../../arm-atollic-eabi/lib/armv7e-m/fpu\libc_nano.a
LOAD c:/program files (x86)/atollic/truestudio for stm32 9.0.1/armtools/bin/../lib/gcc/arm-atollic-eabi/6.3.1/../../../../arm-atollic-eabi/lib/armv7e-m/fpu\libnosys.a
END GROUP
LOAD c:/program files (x86)/atollic/truestudio for stm32 9.0.1/armtools/bin/../lib/gcc/arm-atollic-eabi/6.3.1/armv7e-m/fpu/crtend.o
LOAD c:/program files (x86)/atollic/truestudio for stm32 9.0.1/armtools/bin/../lib/gcc/arm-atollic-eabi/6.3.1/armv7e-m/fpu/crtn.o
                0x20020000                _estack = 0x20020000
                0x00002000                _Min_Heap_Size = 0x2000
                0x00004000                _Min_Stack_Size = 0x4000

.isr_vector     0x08000000      0x188
                0x08000000                . = ALIGN (0x4)
 *(.isr_vector)
 .isr_vector    0x08000000      0x188 startup\startup_stm32f407xx.o
                0x08000000                g_pfnVectors
                0x08000188                . = ALIGN (0x4)

.text           0x08000188     0xd384
                0x08000188                . = ALIGN (0x4)
 *(.text)
 .text          0x08000188       0x40 c:/program files (x86)/atollic/truestudio for stm32 9.0.1/armtools/bin/../lib/gcc/arm-atollic-eabi/6.3.1/armv7e-m/fpu/crtbegin.o
 .text          0x080001c8       0x30 c:/program files (x86)/atollic/truestudio for stm32 9.0.1/armtools/bin/../lib/gcc/arm-atollic-eabi/6.3.1/armv7e-m/fpu\libgcc.a(_aeabi_uldivmod.o)
                0x080001c8                __aeabi_uldivmod
 .text          0x080001f8      0x2dc c:/program files (x86)/atollic/truestudio for stm32 9.0.1/armtools/bin/../lib/gcc/arm-atollic-eabi/6.3.1/armv7e-m/fpu\libgcc.a(_udivmoddi4.o)
                0x080001f8                __udivmoddi4
 .text          0x080004d4        0x4 c:/program files (x86)/atollic/truestudio for stm32 9.0.1/armtools/bin/../lib/gcc/arm-atollic-eabi/6.3.1/armv7e-m/fpu\libgcc.a(_dvmd_tls.o)
                0x080004d4                __aeabi_idiv0
                0x080004d4                __aeabi_ldiv0
 *(.text*)
 .text.cs43l22_Init
                0x080004d8      0x1c8 Core\Src\cs43l22.o
                0x080004d8                cs43l22_Init
 .text.cs43l22_DeInit
                0x080006a0        0xc Core\Src\cs43l22.o
                0x080006a0                cs43l22_DeInit
 .text.cs43l22_ReadID
                0x080006ac       0x30 Core\Src\cs43l22.o
                0x080006ac                cs43l22_ReadID
 .text.cs43l22_Play
                0x080006dc       0x74 Core\Src\cs43l22.o
                0x080006dc                cs43l22_Play
 .text.cs43l22_Pause
                0x08000750       0x42 Core\Src\cs43l22.o
                0x08000750                cs43l22_Pause
 *fill*         0x08000792        0x2 
 .text.cs43l22_Resume
                0x08000794       0x78 Core\Src\cs43l22.o
                0x08000794                cs43l22_Resume
 .text.cs43l22_Stop
                0x0800080c       0x68 Core\Src\cs43l22.o
                0x0800080c                cs43l22_Stop
 .text.cs43l22_SetVolume
                0x08000874       0xbc Core\Src\cs43l22.o
                0x08000874                cs43l22_SetVolume
 .text.cs43l22_SetFrequency
                0x08000930       0x1a Core\Src\cs43l22.o
                0x08000930                cs43l22_SetFrequency
 *fill*         0x0800094a        0x2 
 .text.cs43l22_SetMute
                0x0800094c       0xbc Core\Src\cs43l22.o
                0x0800094c                cs43l22_SetMute
 .text.cs43l22_SetOutputMode
                0x08000a08       0xe4 Core\Src\cs43l22.o
                0x08000a08                cs43l22_SetOutputMode
 .text.cs43l22_Reset
                0x08000aec       0x18 Core\Src\cs43l22.o
                0x08000aec                cs43l22_Reset
 .text.CODEC_IO_Write
                0x08000b04       0x2e Core\Src\cs43l22.o
 *fill*         0x08000b32        0x2 
 .text.MX_GPIO_Init
                0x08000b34      0x1ec Core\Src\gpio.o
                0x08000b34                MX_GPIO_Init
 .text.MX_I2C1_Init
                0x08000d20       0x64 Core\Src\i2c.o
                0x08000d20                MX_I2C1_Init
 .text.HAL_I2C_MspInit
                0x08000d84       0x64 Core\Src\i2c.o
                0x08000d84                HAL_I2C_MspInit
 .text.HAL_I2C_MspDeInit
                0x08000de8       0x3c Core\Src\i2c.o
                0x08000de8                HAL_I2C_MspDeInit
 .text.HAL_I2S_MspInit
                0x08000e24       0x88 Core\Src\i2s.o
                0x08000e24                HAL_I2S_MspInit
 .text.main     0x08000eac       0x2e Core\Src\main.o
                0x08000eac                main
 *fill*         0x08000eda        0x2 
 .text.SystemClock_Config
                0x08000edc       0xec Core\Src\main.o
                0x08000edc                SystemClock_Config
 .text.USB_UserInit
                0x08000fc8       0x4c Core\Src\main.o
                0x08000fc8                USB_UserInit
 .text._Error_Handler
                0x08001014        0xc Core\Src\main.o
                0x08001014                _Error_Handler
 .text.MX_SPI1_Init
                0x08001020       0x74 Core\Src\spi.o
                0x08001020                MX_SPI1_Init
 .text.HAL_SPI_MspInit
                0x08001094       0x64 Core\Src\spi.o
                0x08001094                HAL_SPI_MspInit
 .text.I2Cx_Init
                0x080010f8       0x4c Core\Src\stm32f4_discovery.o
 .text.I2Cx_WriteData
                0x08001144       0x58 Core\Src\stm32f4_discovery.o
 .text.I2Cx_ReadData
                0x0800119c       0x5c Core\Src\stm32f4_discovery.o
 .text.I2Cx_Error
                0x080011f8       0x20 Core\Src\stm32f4_discovery.o
 .text.I2Cx_MspInit
                0x08001218       0xa8 Core\Src\stm32f4_discovery.o
 .text.AUDIO_IO_Init
                0x080012c0       0x70 Core\Src\stm32f4_discovery.o
                0x080012c0                AUDIO_IO_Init
 .text.AUDIO_IO_DeInit
                0x08001330        0xe Core\Src\stm32f4_discovery.o
                0x08001330                AUDIO_IO_DeInit
 .text.AUDIO_IO_Write
                0x0800133e       0x26 Core\Src\stm32f4_discovery.o
                0x0800133e                AUDIO_IO_Write
 .text.AUDIO_IO_Read
                0x08001364       0x26 Core\Src\stm32f4_discovery.o
                0x08001364                AUDIO_IO_Read
 *fill*         0x0800138a        0x2 
 .text.BSP_AUDIO_OUT_Init
                0x0800138c       0x9c Core\Src\stm32f4_discovery_audio.o
                0x0800138c                BSP_AUDIO_OUT_Init
 .text.BSP_AUDIO_OUT_Play
                0x08001428       0x54 Core\Src\stm32f4_discovery_audio.o
                0x08001428                BSP_AUDIO_OUT_Play
 .text.BSP_AUDIO_OUT_ChangeBuffer
                0x0800147c       0x24 Core\Src\stm32f4_discovery_audio.o
                0x0800147c                BSP_AUDIO_OUT_ChangeBuffer
 .text.HAL_I2S_TxCpltCallback
                0x080014a0       0x24 Core\Src\stm32f4_discovery_audio.o
                0x080014a0                HAL_I2S_TxCpltCallback
 .text.HAL_I2S_TxHalfCpltCallback
                0x080014c4       0x24 Core\Src\stm32f4_discovery_audio.o
                0x080014c4                HAL_I2S_TxHalfCpltCallback
 .text.BSP_AUDIO_OUT_ClockConfig
                0x080014e8       0xb4 Core\Src\stm32f4_discovery_audio.o
                0x080014e8                BSP_AUDIO_OUT_ClockConfig
 .text.BSP_AUDIO_OUT_MspInit
                0x0800159c      0x180 Core\Src\stm32f4_discovery_audio.o
                0x0800159c                BSP_AUDIO_OUT_MspInit
 .text.I2S3_Init
                0x0800171c       0x70 Core\Src\stm32f4_discovery_audio.o
 .text.HAL_I2S_RxCpltCallback
                0x0800178c       0x14 Core\Src\stm32f4_discovery_audio.o
                0x0800178c                HAL_I2S_RxCpltCallback
 .text.BSP_AUDIO_IN_TransferComplete_CallBack
                0x080017a0        0xe Core\Src\stm32f4_discovery_audio.o
                0x080017a0                BSP_AUDIO_IN_TransferComplete_CallBack
 .text.BSP_AUDIO_IN_Error_Callback
                0x080017ae        0xe Core\Src\stm32f4_discovery_audio.o
                0x080017ae                BSP_AUDIO_IN_Error_Callback
 .text.HAL_I2S_ErrorCallback
                0x080017bc       0x34 Core\Src\stm32f4_discovery_audio.o
                0x080017bc                HAL_I2S_ErrorCallback
 .text.HAL_MspInit
                0x080017f0       0xa4 Core\Src\stm32f4xx_hal_msp.o
                0x080017f0                HAL_MspInit
 .text.SysTick_Handler
                0x08001894       0x10 Core\Src\stm32f4xx_it.o
                0x08001894                SysTick_Handler
 .text.OTG_FS_IRQHandler
                0x080018a4       0x14 Core\Src\stm32f4xx_it.o
                0x080018a4                OTG_FS_IRQHandler
 .text.SystemInit
                0x080018b8       0x6c Core\Src\system_stm32f4xx.o
                0x080018b8                SystemInit
 .text.WavePlayerStart
                0x08001924       0x64 Core\Src\waveplayer.o
                0x08001924                WavePlayerStart
 .text.WavePlayBack
                0x08001988       0xfc Core\Src\waveplayer.o
                0x08001988                WavePlayBack
 .text.BSP_AUDIO_OUT_HalfTransfer_CallBack
                0x08001a84       0x18 Core\Src\waveplayer.o
                0x08001a84                BSP_AUDIO_OUT_HalfTransfer_CallBack
 .text.BSP_AUDIO_OUT_TransferComplete_CallBack
                0x08001a9c       0x20 Core\Src\waveplayer.o
                0x08001a9c                BSP_AUDIO_OUT_TransferComplete_CallBack
 .text.BSP_AUDIO_OUT_Error_CallBack
                0x08001abc        0x6 Core\Src\waveplayer.o
                0x08001abc                BSP_AUDIO_OUT_Error_CallBack
 *fill*         0x08001ac2        0x2 
 .text.HAL_Init
                0x08001ac4       0x44 Drivers\STM32F4xx_HAL_Driver\Src\stm32f4xx_hal.o
                0x08001ac4                HAL_Init
 .text.HAL_InitTick
                0x08001b08       0x60 Drivers\STM32F4xx_HAL_Driver\Src\stm32f4xx_hal.o
                0x08001b08                HAL_InitTick
 .text.HAL_IncTick
                0x08001b68       0x28 Drivers\STM32F4xx_HAL_Driver\Src\stm32f4xx_hal.o
                0x08001b68                HAL_IncTick
 .text.HAL_GetTick
                0x08001b90       0x18 Drivers\STM32F4xx_HAL_Driver\Src\stm32f4xx_hal.o
                0x08001b90                HAL_GetTick
 .text.HAL_Delay
                0x08001ba8       0x44 Drivers\STM32F4xx_HAL_Driver\Src\stm32f4xx_hal.o
                0x08001ba8                HAL_Delay
 .text.NVIC_SetPriorityGrouping
                0x08001bec       0x48 Drivers\STM32F4xx_HAL_Driver\Src\stm32f4xx_hal_cortex.o
 .text.NVIC_GetPriorityGrouping
                0x08001c34       0x1c Drivers\STM32F4xx_HAL_Driver\Src\stm32f4xx_hal_cortex.o
 .text.NVIC_EnableIRQ
                0x08001c50       0x34 Drivers\STM32F4xx_HAL_Driver\Src\stm32f4xx_hal_cortex.o
 .text.NVIC_SetPriority
                0x08001c84       0x54 Drivers\STM32F4xx_HAL_Driver\Src\stm32f4xx_hal_cortex.o
 .text.NVIC_EncodePriority
                0x08001cd8       0x62 Drivers\STM32F4xx_HAL_Driver\Src\stm32f4xx_hal_cortex.o
 *fill*         0x08001d3a        0x2 
 .text.SysTick_Config
                0x08001d3c       0x44 Drivers\STM32F4xx_HAL_Driver\Src\stm32f4xx_hal_cortex.o
 .text.HAL_NVIC_SetPriorityGrouping
                0x08001d80       0x16 Drivers\STM32F4xx_HAL_Driver\Src\stm32f4xx_hal_cortex.o
                0x08001d80                HAL_NVIC_SetPriorityGrouping
 .text.HAL_NVIC_SetPriority
                0x08001d96       0x38 Drivers\STM32F4xx_HAL_Driver\Src\stm32f4xx_hal_cortex.o
                0x08001d96                HAL_NVIC_SetPriority
 .text.HAL_NVIC_EnableIRQ
                0x08001dce       0x1c Drivers\STM32F4xx_HAL_Driver\Src\stm32f4xx_hal_cortex.o
                0x08001dce                HAL_NVIC_EnableIRQ
 .text.HAL_SYSTICK_Config
                0x08001dea       0x18 Drivers\STM32F4xx_HAL_Driver\Src\stm32f4xx_hal_cortex.o
                0x08001dea                HAL_SYSTICK_Config
 *fill*         0x08001e02        0x2 
 .text.HAL_SYSTICK_CLKSourceConfig
                0x08001e04       0x38 Drivers\STM32F4xx_HAL_Driver\Src\stm32f4xx_hal_cortex.o
                0x08001e04                HAL_SYSTICK_CLKSourceConfig
 .text.HAL_SYSTICK_IRQHandler
                0x08001e3c        0xc Drivers\STM32F4xx_HAL_Driver\Src\stm32f4xx_hal_cortex.o
                0x08001e3c                HAL_SYSTICK_IRQHandler
 .text.HAL_SYSTICK_Callback
                0x08001e48        0xe Drivers\STM32F4xx_HAL_Driver\Src\stm32f4xx_hal_cortex.o
                0x08001e48                HAL_SYSTICK_Callback
 *fill*         0x08001e56        0x2 
 .text.HAL_DMA_Init
                0x08001e58      0x15c Drivers\STM32F4xx_HAL_Driver\Src\stm32f4xx_hal_dma.o
                0x08001e58                HAL_DMA_Init
 .text.HAL_DMA_DeInit
                0x08001fb4       0x98 Drivers\STM32F4xx_HAL_Driver\Src\stm32f4xx_hal_dma.o
                0x08001fb4                HAL_DMA_DeInit
 .text.HAL_DMA_Start_IT
                0x0800204c       0xc0 Drivers\STM32F4xx_HAL_Driver\Src\stm32f4xx_hal_dma.o
                0x0800204c                HAL_DMA_Start_IT
 .text.DMA_SetConfig
                0x0800210c       0x5c Drivers\STM32F4xx_HAL_Driver\Src\stm32f4xx_hal_dma.o
 .text.DMA_CalcBaseAndBitshift
                0x08002168       0x6c Drivers\STM32F4xx_HAL_Driver\Src\stm32f4xx_hal_dma.o
 .text.DMA_CheckFifoParam
                0x080021d4       0xf4 Drivers\STM32F4xx_HAL_Driver\Src\stm32f4xx_hal_dma.o
 .text.HAL_GPIO_Init
                0x080022c8      0x334 Drivers\STM32F4xx_HAL_Driver\Src\stm32f4xx_hal_gpio.o
                0x080022c8                HAL_GPIO_Init
 .text.HAL_GPIO_DeInit
                0x080025fc      0x1f8 Drivers\STM32F4xx_HAL_Driver\Src\stm32f4xx_hal_gpio.o
                0x080025fc                HAL_GPIO_DeInit
 .text.HAL_GPIO_WritePin
                0x080027f4       0x32 Drivers\STM32F4xx_HAL_Driver\Src\stm32f4xx_hal_gpio.o
                0x080027f4                HAL_GPIO_WritePin
 .text.HAL_HCD_Init
                0x08002826       0x98 Drivers\STM32F4xx_HAL_Driver\Src\stm32f4xx_hal_hcd.o
                0x08002826                HAL_HCD_Init
 .text.HAL_HCD_HC_Init
                0x080028be      0x10e Drivers\STM32F4xx_HAL_Driver\Src\stm32f4xx_hal_hcd.o
                0x080028be                HAL_HCD_HC_Init
 .text.HAL_HCD_HC_Halt
                0x080029cc       0x46 Drivers\STM32F4xx_HAL_Driver\Src\stm32f4xx_hal_hcd.o
                0x080029cc                HAL_HCD_HC_Halt
 *fill*         0x08002a12        0x2 
 .text.HAL_HCD_HC_SubmitRequest
                0x08002a14      0x324 Drivers\STM32F4xx_HAL_Driver\Src\stm32f4xx_hal_hcd.o
                0x08002a14                HAL_HCD_HC_SubmitRequest
 .text.HAL_HCD_IRQHandler
                0x08002d38      0x200 Drivers\STM32F4xx_HAL_Driver\Src\stm32f4xx_hal_hcd.o
                0x08002d38                HAL_HCD_IRQHandler
 .text.HAL_HCD_Start
                0x08002f38       0x46 Drivers\STM32F4xx_HAL_Driver\Src\stm32f4xx_hal_hcd.o
                0x08002f38                HAL_HCD_Start
 .text.HAL_HCD_Stop
                0x08002f7e       0x3a Drivers\STM32F4xx_HAL_Driver\Src\stm32f4xx_hal_hcd.o
                0x08002f7e                HAL_HCD_Stop
 .text.HAL_HCD_ResetPort
                0x08002fb8       0x1c Drivers\STM32F4xx_HAL_Driver\Src\stm32f4xx_hal_hcd.o
                0x08002fb8                HAL_HCD_ResetPort
 .text.HAL_HCD_HC_GetURBState
                0x08002fd4       0x2a Drivers\STM32F4xx_HAL_Driver\Src\stm32f4xx_hal_hcd.o
                0x08002fd4                HAL_HCD_HC_GetURBState
 .text.HAL_HCD_HC_GetXferCount
                0x08002ffe       0x2a Drivers\STM32F4xx_HAL_Driver\Src\stm32f4xx_hal_hcd.o
                0x08002ffe                HAL_HCD_HC_GetXferCount
 .text.HAL_HCD_GetCurrentFrame
                0x08003028       0x1c Drivers\STM32F4xx_HAL_Driver\Src\stm32f4xx_hal_hcd.o
                0x08003028                HAL_HCD_GetCurrentFrame
 .text.HAL_HCD_GetCurrentSpeed
                0x08003044       0x1c Drivers\STM32F4xx_HAL_Driver\Src\stm32f4xx_hal_hcd.o
                0x08003044                HAL_HCD_GetCurrentSpeed
 .text.HCD_HC_IN_IRQHandler
                0x08003060      0x680 Drivers\STM32F4xx_HAL_Driver\Src\stm32f4xx_hal_hcd.o
 .text.HCD_HC_OUT_IRQHandler
                0x080036e0      0x642 Drivers\STM32F4xx_HAL_Driver\Src\stm32f4xx_hal_hcd.o
 *fill*         0x08003d22        0x2 
 .text.HCD_RXQLVL_IRQHandler
                0x08003d24      0x164 Drivers\STM32F4xx_HAL_Driver\Src\stm32f4xx_hal_hcd.o
 .text.HCD_Port_IRQHandler
                0x08003e88      0x112 Drivers\STM32F4xx_HAL_Driver\Src\stm32f4xx_hal_hcd.o
 *fill*         0x08003f9a        0x2 
 .text.HAL_I2C_Init
                0x08003f9c      0x1c0 Drivers\STM32F4xx_HAL_Driver\Src\stm32f4xx_hal_i2c.o
                0x08003f9c                HAL_I2C_Init
 .text.HAL_I2C_DeInit
                0x0800415c       0x5e Drivers\STM32F4xx_HAL_Driver\Src\stm32f4xx_hal_i2c.o
                0x0800415c                HAL_I2C_DeInit
 *fill*         0x080041ba        0x2 
 .text.HAL_I2C_Mem_Write
                0x080041bc      0x214 Drivers\STM32F4xx_HAL_Driver\Src\stm32f4xx_hal_i2c.o
                0x080041bc                HAL_I2C_Mem_Write
 .text.HAL_I2C_Mem_Read
                0x080043d0      0x464 Drivers\STM32F4xx_HAL_Driver\Src\stm32f4xx_hal_i2c.o
                0x080043d0                HAL_I2C_Mem_Read
 .text.HAL_I2C_GetState
                0x08004834       0x1c Drivers\STM32F4xx_HAL_Driver\Src\stm32f4xx_hal_i2c.o
                0x08004834                HAL_I2C_GetState
 .text.I2C_RequestMemoryWrite
                0x08004850      0x124 Drivers\STM32F4xx_HAL_Driver\Src\stm32f4xx_hal_i2c.o
 .text.I2C_RequestMemoryRead
                0x08004974      0x1c4 Drivers\STM32F4xx_HAL_Driver\Src\stm32f4xx_hal_i2c.o
 .text.I2C_WaitOnFlagUntilTimeout
                0x08004b38       0xa2 Drivers\STM32F4xx_HAL_Driver\Src\stm32f4xx_hal_i2c.o
 .text.I2C_WaitOnMasterAddressFlagUntilTimeout
                0x08004bda       0xdc Drivers\STM32F4xx_HAL_Driver\Src\stm32f4xx_hal_i2c.o
 .text.I2C_WaitOnTXEFlagUntilTimeout
                0x08004cb6       0x7a Drivers\STM32F4xx_HAL_Driver\Src\stm32f4xx_hal_i2c.o
 .text.I2C_WaitOnBTFFlagUntilTimeout
                0x08004d30       0x7a Drivers\STM32F4xx_HAL_Driver\Src\stm32f4xx_hal_i2c.o
 .text.I2C_WaitOnRXNEFlagUntilTimeout
                0x08004daa       0x94 Drivers\STM32F4xx_HAL_Driver\Src\stm32f4xx_hal_i2c.o
 .text.I2C_IsAcknowledgeFailed
                0x08004e3e       0x50 Drivers\STM32F4xx_HAL_Driver\Src\stm32f4xx_hal_i2c.o
 *fill*         0x08004e8e        0x2 
 .text.HAL_I2S_Init
                0x08004e90      0x2a0 Drivers\STM32F4xx_HAL_Driver\Src\stm32f4xx_hal_i2s.o
                0x08004e90                HAL_I2S_Init
 .text.HAL_I2S_Transmit_DMA
                0x08005130      0x130 Drivers\STM32F4xx_HAL_Driver\Src\stm32f4xx_hal_i2s.o
                0x08005130                HAL_I2S_Transmit_DMA
 .text.HAL_I2S_GetState
                0x08005260       0x1c Drivers\STM32F4xx_HAL_Driver\Src\stm32f4xx_hal_i2s.o
                0x08005260                HAL_I2S_GetState
 .text.I2S_DMATxCplt
                0x0800527c       0x48 Drivers\STM32F4xx_HAL_Driver\Src\stm32f4xx_hal_i2s.o
 .text.I2S_DMATxHalfCplt
                0x080052c4       0x1c Drivers\STM32F4xx_HAL_Driver\Src\stm32f4xx_hal_i2s.o
 .text.I2S_DMAError
                0x080052e0       0x4c Drivers\STM32F4xx_HAL_Driver\Src\stm32f4xx_hal_i2s.o
 .text.I2S_Transmit_IT
                0x0800532c       0x5a Drivers\STM32F4xx_HAL_Driver\Src\stm32f4xx_hal_i2s.o
 .text.I2S_Receive_IT
                0x08005386       0x5c Drivers\STM32F4xx_HAL_Driver\Src\stm32f4xx_hal_i2s.o
 .text.I2S_IRQHandler
                0x080053e2      0x118 Drivers\STM32F4xx_HAL_Driver\Src\stm32f4xx_hal_i2s.o
 *fill*         0x080054fa        0x2 
 .text.HAL_I2SEx_FullDuplex_IRQHandler
                0x080054fc      0x308 Drivers\STM32F4xx_HAL_Driver\Src\stm32f4xx_hal_i2s_ex.o
                0x080054fc                HAL_I2SEx_FullDuplex_IRQHandler
 .text.HAL_I2SEx_TxRxCpltCallback
                0x08005804       0x14 Drivers\STM32F4xx_HAL_Driver\Src\stm32f4xx_hal_i2s_ex.o
                0x08005804                HAL_I2SEx_TxRxCpltCallback
 .text.I2SEx_FullDuplexTx_IT
                0x08005818       0xf4 Drivers\STM32F4xx_HAL_Driver\Src\stm32f4xx_hal_i2s_ex.o
 .text.I2SEx_FullDuplexRx_IT
                0x0800590c       0xf8 Drivers\STM32F4xx_HAL_Driver\Src\stm32f4xx_hal_i2s_ex.o
 .text.HAL_RCC_OscConfig
                0x08005a04      0x484 Drivers\STM32F4xx_HAL_Driver\Src\stm32f4xx_hal_rcc.o
                0x08005a04                HAL_RCC_OscConfig
 .text.HAL_RCC_ClockConfig
                0x08005e88      0x1c4 Drivers\STM32F4xx_HAL_Driver\Src\stm32f4xx_hal_rcc.o
                0x08005e88                HAL_RCC_ClockConfig
 .text.HAL_RCC_GetSysClockFreq
                0x0800604c      0x1b0 Drivers\STM32F4xx_HAL_Driver\Src\stm32f4xx_hal_rcc.o
                0x0800604c                HAL_RCC_GetSysClockFreq
 .text.HAL_RCC_GetHCLKFreq
                0x080061fc       0x18 Drivers\STM32F4xx_HAL_Driver\Src\stm32f4xx_hal_rcc.o
                0x080061fc                HAL_RCC_GetHCLKFreq
 .text.HAL_RCC_GetPCLK1Freq
                0x08006214       0x28 Drivers\STM32F4xx_HAL_Driver\Src\stm32f4xx_hal_rcc.o
                0x08006214                HAL_RCC_GetPCLK1Freq
 .text.HAL_RCCEx_PeriphCLKConfig
                0x0800623c      0x1c4 Drivers\STM32F4xx_HAL_Driver\Src\stm32f4xx_hal_rcc_ex.o
                0x0800623c                HAL_RCCEx_PeriphCLKConfig
 .text.HAL_RCCEx_GetPeriphCLKConfig
                0x08006400       0x58 Drivers\STM32F4xx_HAL_Driver\Src\stm32f4xx_hal_rcc_ex.o
                0x08006400                HAL_RCCEx_GetPeriphCLKConfig
 .text.HAL_RCCEx_GetPeriphCLKFreq
                0x08006458       0xb8 Drivers\STM32F4xx_HAL_Driver\Src\stm32f4xx_hal_rcc_ex.o
                0x08006458                HAL_RCCEx_GetPeriphCLKFreq
 .text.HAL_SPI_Init
                0x08006510       0xc6 Drivers\STM32F4xx_HAL_Driver\Src\stm32f4xx_hal_spi.o
                0x08006510                HAL_SPI_Init
 .text.USB_CoreInit
                0x080065d6       0xa2 Drivers\STM32F4xx_HAL_Driver\Src\stm32f4xx_ll_usb.o
                0x080065d6                USB_CoreInit
 .text.USB_EnableGlobalInt
                0x08006678       0x22 Drivers\STM32F4xx_HAL_Driver\Src\stm32f4xx_ll_usb.o
                0x08006678                USB_EnableGlobalInt
 .text.USB_DisableGlobalInt
                0x0800669a       0x22 Drivers\STM32F4xx_HAL_Driver\Src\stm32f4xx_ll_usb.o
                0x0800669a                USB_DisableGlobalInt
 .text.USB_SetCurrentMode
                0x080066bc       0x4e Drivers\STM32F4xx_HAL_Driver\Src\stm32f4xx_ll_usb.o
                0x080066bc                USB_SetCurrentMode
 *fill*         0x0800670a        0x2 
 .text.USB_FlushTxFifo
                0x0800670c       0x4c Drivers\STM32F4xx_HAL_Driver\Src\stm32f4xx_ll_usb.o
                0x0800670c                USB_FlushTxFifo
 .text.USB_FlushRxFifo
                0x08006758       0x44 Drivers\STM32F4xx_HAL_Driver\Src\stm32f4xx_ll_usb.o
                0x08006758                USB_FlushRxFifo
 .text.USB_WritePacket
                0x0800679c       0x6a Drivers\STM32F4xx_HAL_Driver\Src\stm32f4xx_ll_usb.o
                0x0800679c                USB_WritePacket
 .text.USB_ReadPacket
                0x08006806       0x4e Drivers\STM32F4xx_HAL_Driver\Src\stm32f4xx_ll_usb.o
                0x08006806                USB_ReadPacket
 .text.USB_ReadInterrupts
                0x08006854       0x2a Drivers\STM32F4xx_HAL_Driver\Src\stm32f4xx_ll_usb.o
                0x08006854                USB_ReadInterrupts
 .text.USB_GetMode
                0x0800687e       0x1c Drivers\STM32F4xx_HAL_Driver\Src\stm32f4xx_ll_usb.o
                0x0800687e                USB_GetMode
 *fill*         0x0800689a        0x2 
 .text.USB_CoreReset
                0x0800689c       0x68 Drivers\STM32F4xx_HAL_Driver\Src\stm32f4xx_ll_usb.o
 .text.USB_HostInit
                0x08006904      0x158 Drivers\STM32F4xx_HAL_Driver\Src\stm32f4xx_ll_usb.o
                0x08006904                USB_HostInit
 .text.USB_InitFSLSPClkSel
                0x08006a5c       0x74 Drivers\STM32F4xx_HAL_Driver\Src\stm32f4xx_ll_usb.o
                0x08006a5c                USB_InitFSLSPClkSel
 .text.USB_ResetPort
                0x08006ad0       0x4a Drivers\STM32F4xx_HAL_Driver\Src\stm32f4xx_ll_usb.o
                0x08006ad0                USB_ResetPort
 .text.USB_DriveVbus
                0x08006b1a       0x6e Drivers\STM32F4xx_HAL_Driver\Src\stm32f4xx_ll_usb.o
                0x08006b1a                USB_DriveVbus
 .text.USB_GetHostSpeed
                0x08006b88       0x26 Drivers\STM32F4xx_HAL_Driver\Src\stm32f4xx_ll_usb.o
                0x08006b88                USB_GetHostSpeed
 .text.USB_GetCurrentFrame
                0x08006bae       0x1e Drivers\STM32F4xx_HAL_Driver\Src\stm32f4xx_ll_usb.o
                0x08006bae                USB_GetCurrentFrame
 .text.USB_HC_Init
                0x08006bcc      0x1f8 Drivers\STM32F4xx_HAL_Driver\Src\stm32f4xx_ll_usb.o
                0x08006bcc                USB_HC_Init
 .text.USB_HC_StartXfer
                0x08006dc4      0x27c Drivers\STM32F4xx_HAL_Driver\Src\stm32f4xx_ll_usb.o
                0x08006dc4                USB_HC_StartXfer
 .text.USB_HC_ReadInterrupt
                0x08007040       0x1e Drivers\STM32F4xx_HAL_Driver\Src\stm32f4xx_ll_usb.o
                0x08007040                USB_HC_ReadInterrupt
 .text.USB_HC_Halt
                0x0800705e      0x1d2 Drivers\STM32F4xx_HAL_Driver\Src\stm32f4xx_ll_usb.o
                0x0800705e                USB_HC_Halt
 .text.USB_DoPing
                0x08007230       0x78 Drivers\STM32F4xx_HAL_Driver\Src\stm32f4xx_ll_usb.o
                0x08007230                USB_DoPing
 .text.USB_StopHost
                0x080072a8      0x108 Drivers\STM32F4xx_HAL_Driver\Src\stm32f4xx_ll_usb.o
                0x080072a8                USB_StopHost
 .text.MX_FATFS_Init
                0x080073b0       0x24 FATFS\fatfs.o
                0x080073b0                MX_FATFS_Init
 .text.get_fattime
                0x080073d4       0x10 FATFS\fatfs.o
                0x080073d4                get_fattime
 .text.USBH_initialize
                0x080073e4       0x18 FATFS\usbh_diskio_dma.o
                0x080073e4                USBH_initialize
 .text.USBH_status
                0x080073fc       0x38 FATFS\usbh_diskio_dma.o
                0x080073fc                USBH_status
 .text.USBH_read
                0x08007434       0xec FATFS\usbh_diskio_dma.o
                0x08007434                USBH_read
 .text.USBH_write
                0x08007520       0xf4 FATFS\usbh_diskio_dma.o
                0x08007520                USBH_write
 .text.USBH_ioctl
                0x08007614       0xd8 FATFS\usbh_diskio_dma.o
                0x08007614                USBH_ioctl
 .text.USBH_MSC_InterfaceInit
                0x080076ec      0x254 Middlewares\ST\STM32_USB_Host_Library\Class\MSC\Src\usbh_msc.o
 .text.USBH_MSC_InterfaceDeInit
                0x08007940       0x8c Middlewares\ST\STM32_USB_Host_Library\Class\MSC\Src\usbh_msc.o
 .text.USBH_MSC_ClassRequest
                0x080079cc       0xbe Middlewares\ST\STM32_USB_Host_Library\Class\MSC\Src\usbh_msc.o
 *fill*         0x08007a8a        0x2 
 .text.USBH_MSC_Process
                0x08007a8c      0x51c Middlewares\ST\STM32_USB_Host_Library\Class\MSC\Src\usbh_msc.o
 .text.USBH_MSC_SOFProcess
                0x08007fa8       0x16 Middlewares\ST\STM32_USB_Host_Library\Class\MSC\Src\usbh_msc.o
 .text.USBH_MSC_RdWrProcess
                0x08007fbe      0x194 Middlewares\ST\STM32_USB_Host_Library\Class\MSC\Src\usbh_msc.o
 .text.USBH_MSC_UnitIsReady
                0x08008152       0x4a Middlewares\ST\STM32_USB_Host_Library\Class\MSC\Src\usbh_msc.o
                0x08008152                USBH_MSC_UnitIsReady
 .text.USBH_MSC_GetLUNInfo
                0x0800819c       0x48 Middlewares\ST\STM32_USB_Host_Library\Class\MSC\Src\usbh_msc.o
                0x0800819c                USBH_MSC_GetLUNInfo
 .text.USBH_MSC_Read
                0x080081e4       0xd2 Middlewares\ST\STM32_USB_Host_Library\Class\MSC\Src\usbh_msc.o
                0x080081e4                USBH_MSC_Read
 .text.USBH_MSC_Write
                0x080082b6       0xd2 Middlewares\ST\STM32_USB_Host_Library\Class\MSC\Src\usbh_msc.o
                0x080082b6                USBH_MSC_Write
 .text.USBH_MSC_BOT_REQ_Reset
                0x08008388       0x3a Middlewares\ST\STM32_USB_Host_Library\Class\MSC\Src\usbh_msc_bot.o
                0x08008388                USBH_MSC_BOT_REQ_Reset
 .text.USBH_MSC_BOT_REQ_GetMaxLUN
                0x080083c2       0x3c Middlewares\ST\STM32_USB_Host_Library\Class\MSC\Src\usbh_msc_bot.o
                0x080083c2                USBH_MSC_BOT_REQ_GetMaxLUN
 *fill*         0x080083fe        0x2 
 .text.USBH_MSC_BOT_Init
                0x08008400       0x44 Middlewares\ST\STM32_USB_Host_Library\Class\MSC\Src\usbh_msc_bot.o
                0x08008400                USBH_MSC_BOT_Init
 .text.USBH_MSC_BOT_Process
                0x08008444      0x3a4 Middlewares\ST\STM32_USB_Host_Library\Class\MSC\Src\usbh_msc_bot.o
                0x08008444                USBH_MSC_BOT_Process
 .text.USBH_MSC_BOT_Abort
                0x080087e8       0x58 Middlewares\ST\STM32_USB_Host_Library\Class\MSC\Src\usbh_msc_bot.o
 .text.USBH_MSC_DecodeCSW
                0x08008840       0x88 Middlewares\ST\STM32_USB_Host_Library\Class\MSC\Src\usbh_msc_bot.o
 .text.USBH_MSC_SCSI_TestUnitReady
                0x080088c8       0x86 Middlewares\ST\STM32_USB_Host_Library\Class\MSC\Src\usbh_msc_scsi.o
                0x080088c8                USBH_MSC_SCSI_TestUnitReady
 .text.USBH_MSC_SCSI_ReadCapacity
                0x0800894e       0xf8 Middlewares\ST\STM32_USB_Host_Library\Class\MSC\Src\usbh_msc_scsi.o
                0x0800894e                USBH_MSC_SCSI_ReadCapacity
 .text.USBH_MSC_SCSI_Inquiry
                0x08008a46      0x144 Middlewares\ST\STM32_USB_Host_Library\Class\MSC\Src\usbh_msc_scsi.o
                0x08008a46                USBH_MSC_SCSI_Inquiry
 .text.USBH_MSC_SCSI_RequestSense
                0x08008b8a       0xf2 Middlewares\ST\STM32_USB_Host_Library\Class\MSC\Src\usbh_msc_scsi.o
                0x08008b8a                USBH_MSC_SCSI_RequestSense
 .text.USBH_MSC_SCSI_Write
                0x08008c7c       0xcc Middlewares\ST\STM32_USB_Host_Library\Class\MSC\Src\usbh_msc_scsi.o
                0x08008c7c                USBH_MSC_SCSI_Write
 .text.USBH_MSC_SCSI_Read
                0x08008d48       0xcc Middlewares\ST\STM32_USB_Host_Library\Class\MSC\Src\usbh_msc_scsi.o
                0x08008d48                USBH_MSC_SCSI_Read
 .text.USBH_Init
                0x08008e14       0x54 Middlewares\ST\STM32_USB_Host_Library\Core\Src\usbh_core.o
                0x08008e14                USBH_Init
 .text.DeInitStateMachine
                0x08008e68       0x94 Middlewares\ST\STM32_USB_Host_Library\Core\Src\usbh_core.o
 .text.USBH_RegisterClass
                0x08008efc       0x54 Middlewares\ST\STM32_USB_Host_Library\Core\Src\usbh_core.o
                0x08008efc                USBH_RegisterClass
 .text.USBH_SelectInterface
                0x08008f50       0x38 Middlewares\ST\STM32_USB_Host_Library\Core\Src\usbh_core.o
                0x08008f50                USBH_SelectInterface
 .text.USBH_FindInterface
                0x08008f88       0x96 Middlewares\ST\STM32_USB_Host_Library\Core\Src\usbh_core.o
                0x08008f88                USBH_FindInterface
 .text.USBH_Start
                0x0800901e       0x20 Middlewares\ST\STM32_USB_Host_Library\Core\Src\usbh_core.o
                0x0800901e                USBH_Start
 *fill*         0x0800903e        0x2 
 .text.USBH_Process
                0x08009040      0x298 Middlewares\ST\STM32_USB_Host_Library\Core\Src\usbh_core.o
                0x08009040                USBH_Process
 .text.USBH_HandleEnum
                0x080092d8      0x234 Middlewares\ST\STM32_USB_Host_Library\Core\Src\usbh_core.o
 .text.USBH_LL_SetTimer
                0x0800950c       0x1e Middlewares\ST\STM32_USB_Host_Library\Core\Src\usbh_core.o
                0x0800950c                USBH_LL_SetTimer
 .text.USBH_LL_IncTimer
                0x0800952a       0x24 Middlewares\ST\STM32_USB_Host_Library\Core\Src\usbh_core.o
                0x0800952a                USBH_LL_IncTimer
 .text.USBH_HandleSof
                0x0800954e       0x30 Middlewares\ST\STM32_USB_Host_Library\Core\Src\usbh_core.o
 .text.USBH_LL_Connect
                0x0800957e       0x4c Middlewares\ST\STM32_USB_Host_Library\Core\Src\usbh_core.o
                0x0800957e                USBH_LL_Connect
 .text.USBH_LL_Disconnect
                0x080095ca       0x5a Middlewares\ST\STM32_USB_Host_Library\Core\Src\usbh_core.o
                0x080095ca                USBH_LL_Disconnect
 .text.USBH_Get_DevDesc
                0x08009624       0x50 Middlewares\ST\STM32_USB_Host_Library\Core\Src\usbh_ctlreq.o
                0x08009624                USBH_Get_DevDesc
 .text.USBH_Get_CfgDesc
                0x08009674       0x48 Middlewares\ST\STM32_USB_Host_Library\Core\Src\usbh_ctlreq.o
                0x08009674                USBH_Get_CfgDesc
 .text.USBH_Get_StringDesc
                0x080096bc       0x56 Middlewares\ST\STM32_USB_Host_Library\Core\Src\usbh_ctlreq.o
                0x080096bc                USBH_Get_StringDesc
 .text.USBH_GetDescriptor
                0x08009712       0x6a Middlewares\ST\STM32_USB_Host_Library\Core\Src\usbh_ctlreq.o
                0x08009712                USBH_GetDescriptor
 .text.USBH_SetAddress
                0x0800977c       0x48 Middlewares\ST\STM32_USB_Host_Library\Core\Src\usbh_ctlreq.o
                0x0800977c                USBH_SetAddress
 .text.USBH_SetCfg
                0x080097c4       0x46 Middlewares\ST\STM32_USB_Host_Library\Core\Src\usbh_ctlreq.o
                0x080097c4                USBH_SetCfg
 .text.USBH_ClrFeature
                0x0800980a       0x48 Middlewares\ST\STM32_USB_Host_Library\Core\Src\usbh_ctlreq.o
                0x0800980a                USBH_ClrFeature
 .text.USBH_ParseDevDesc
                0x08009852       0xe0 Middlewares\ST\STM32_USB_Host_Library\Core\Src\usbh_ctlreq.o
 .text.USBH_ParseCfgDesc
                0x08009932      0x14c Middlewares\ST\STM32_USB_Host_Library\Core\Src\usbh_ctlreq.o
 .text.USBH_ParseInterfaceDesc
                0x08009a7e       0x5e Middlewares\ST\STM32_USB_Host_Library\Core\Src\usbh_ctlreq.o
 .text.USBH_ParseEPDesc
                0x08009adc       0x5a Middlewares\ST\STM32_USB_Host_Library\Core\Src\usbh_ctlreq.o
 .text.USBH_ParseStringDesc
                0x08009b36       0x66 Middlewares\ST\STM32_USB_Host_Library\Core\Src\usbh_ctlreq.o
 .text.USBH_GetNextDesc
                0x08009b9c       0x36 Middlewares\ST\STM32_USB_Host_Library\Core\Src\usbh_ctlreq.o
                0x08009b9c                USBH_GetNextDesc
 .text.USBH_CtlReq
                0x08009bd2       0x7c Middlewares\ST\STM32_USB_Host_Library\Core\Src\usbh_ctlreq.o
                0x08009bd2                USBH_CtlReq
 *fill*         0x08009c4e        0x2 
 .text.USBH_HandleControl
                0x08009c50      0x2d0 Middlewares\ST\STM32_USB_Host_Library\Core\Src\usbh_ctlreq.o
 .text.USBH_CtlSendSetup
                0x08009f20       0x34 Middlewares\ST\STM32_USB_Host_Library\Core\Src\usbh_ioreq.o
                0x08009f20                USBH_CtlSendSetup
 .text.USBH_CtlSendData
                0x08009f54       0x4a Middlewares\ST\STM32_USB_Host_Library\Core\Src\usbh_ioreq.o
                0x08009f54                USBH_CtlSendData
 .text.USBH_CtlReceiveData
                0x08009f9e       0x3c Middlewares\ST\STM32_USB_Host_Library\Core\Src\usbh_ioreq.o
                0x08009f9e                USBH_CtlReceiveData
 .text.USBH_BulkSendData
                0x08009fda       0x4a Middlewares\ST\STM32_USB_Host_Library\Core\Src\usbh_ioreq.o
                0x08009fda                USBH_BulkSendData
 .text.USBH_BulkReceiveData
                0x0800a024       0x3c Middlewares\ST\STM32_USB_Host_Library\Core\Src\usbh_ioreq.o
                0x0800a024                USBH_BulkReceiveData
 .text.USBH_OpenPipe
                0x0800a060       0x3e Middlewares\ST\STM32_USB_Host_Library\Core\Src\usbh_pipes.o
                0x0800a060                USBH_OpenPipe
 .text.USBH_ClosePipe
                0x0800a09e       0x20 Middlewares\ST\STM32_USB_Host_Library\Core\Src\usbh_pipes.o
                0x0800a09e                USBH_ClosePipe
 .text.USBH_AllocPipe
                0x0800a0be       0x40 Middlewares\ST\STM32_USB_Host_Library\Core\Src\usbh_pipes.o
                0x0800a0be                USBH_AllocPipe
 .text.USBH_FreePipe
                0x0800a0fe       0x3e Middlewares\ST\STM32_USB_Host_Library\Core\Src\usbh_pipes.o
                0x0800a0fe                USBH_FreePipe
 .text.USBH_GetFreePipe
                0x0800a13c       0x48 Middlewares\ST\STM32_USB_Host_Library\Core\Src\usbh_pipes.o
 .text.disk_status
                0x0800a184       0x34 Middlewares\Third_Party\FatFs\src\diskio.o
                0x0800a184                disk_status
 .text.disk_initialize
                0x0800a1b8       0x4c Middlewares\Third_Party\FatFs\src\diskio.o
                0x0800a1b8                disk_initialize
 .text.disk_read
                0x0800a204       0x40 Middlewares\Third_Party\FatFs\src\diskio.o
                0x0800a204                disk_read
 .text.disk_write
                0x0800a244       0x40 Middlewares\Third_Party\FatFs\src\diskio.o
                0x0800a244                disk_write
 .text.disk_ioctl
                0x0800a284       0x3c Middlewares\Third_Party\FatFs\src\diskio.o
                0x0800a284                disk_ioctl
 .text.ld_word  0x0800a2c0       0x30 Middlewares\Third_Party\FatFs\src\ff.o
 .text.ld_dword
                0x0800a2f0       0x46 Middlewares\Third_Party\FatFs\src\ff.o
 .text.st_word  0x0800a336       0x36 Middlewares\Third_Party\FatFs\src\ff.o
 .text.st_dword
                0x0800a36c       0x58 Middlewares\Third_Party\FatFs\src\ff.o
 .text.mem_cpy  0x0800a3c4       0x42 Middlewares\Third_Party\FatFs\src\ff.o
 .text.mem_set  0x0800a406       0x34 Middlewares\Third_Party\FatFs\src\ff.o
 .text.mem_cmp  0x0800a43a       0x4e Middlewares\Third_Party\FatFs\src\ff.o
 .text.chk_chr  0x0800a488       0x36 Middlewares\Third_Party\FatFs\src\ff.o
 *fill*         0x0800a4be        0x2 
 .text.chk_lock
                0x0800a4c0       0xb8 Middlewares\Third_Party\FatFs\src\ff.o
 .text.enq_lock
                0x0800a578       0x44 Middlewares\Third_Party\FatFs\src\ff.o
 .text.inc_lock
                0x0800a5bc      0x11c Middlewares\Third_Party\FatFs\src\ff.o
 .text.dec_lock
                0x0800a6d8       0x78 Middlewares\Third_Party\FatFs\src\ff.o
 .text.clear_lock
                0x0800a750       0x48 Middlewares\Third_Party\FatFs\src\ff.o
 .text.sync_window
                0x0800a798       0x88 Middlewares\Third_Party\FatFs\src\ff.o
 .text.move_window
                0x0800a820       0x5a Middlewares\Third_Party\FatFs\src\ff.o
 *fill*         0x0800a87a        0x2 
 .text.sync_fs  0x0800a87c       0xdc Middlewares\Third_Party\FatFs\src\ff.o
 .text.clust2sect
                0x0800a958       0x3e Middlewares\Third_Party\FatFs\src\ff.o
 .text.get_fat  0x0800a996      0x14a Middlewares\Third_Party\FatFs\src\ff.o
 .text.put_fat  0x0800aae0      0x1ce Middlewares\Third_Party\FatFs\src\ff.o
 .text.remove_chain
                0x0800acae       0xca Middlewares\Third_Party\FatFs\src\ff.o
 .text.create_chain
                0x0800ad78      0x130 Middlewares\Third_Party\FatFs\src\ff.o
 .text.clmt_clust
                0x0800aea8       0x68 Middlewares\Third_Party\FatFs\src\ff.o
 .text.dir_sdi  0x0800af10       0xf6 Middlewares\Third_Party\FatFs\src\ff.o
 .text.dir_next
                0x0800b006      0x18a Middlewares\Third_Party\FatFs\src\ff.o
 .text.dir_alloc
                0x0800b190       0x8e Middlewares\Third_Party\FatFs\src\ff.o
 .text.ld_clust
                0x0800b21e       0x3e Middlewares\Third_Party\FatFs\src\ff.o
 .text.st_clust
                0x0800b25c       0x40 Middlewares\Third_Party\FatFs\src\ff.o
 .text.dir_read
                0x0800b29c       0xba Middlewares\Third_Party\FatFs\src\ff.o
 .text.dir_find
                0x0800b356       0xaa Middlewares\Third_Party\FatFs\src\ff.o
 .text.dir_register
                0x0800b400       0x64 Middlewares\Third_Party\FatFs\src\ff.o
 .text.dir_remove
                0x0800b464       0x3c Middlewares\Third_Party\FatFs\src\ff.o
 .text.create_name
                0x0800b4a0      0x128 Middlewares\Third_Party\FatFs\src\ff.o
 .text.follow_path
                0x0800b5c8       0xe2 Middlewares\Third_Party\FatFs\src\ff.o
 .text.get_ldnumber
                0x0800b6aa       0x88 Middlewares\Third_Party\FatFs\src\ff.o
 *fill*         0x0800b732        0x2 
 .text.check_fs
                0x0800b734       0xac Middlewares\Third_Party\FatFs\src\ff.o
 .text.find_volume
                0x0800b7e0      0x498 Middlewares\Third_Party\FatFs\src\ff.o
 .text.validate
                0x0800bc78       0x68 Middlewares\Third_Party\FatFs\src\ff.o
 .text.f_mount  0x0800bce0       0x8c Middlewares\Third_Party\FatFs\src\ff.o
                0x0800bce0                f_mount
 .text.f_open   0x0800bd6c      0x37c Middlewares\Third_Party\FatFs\src\ff.o
                0x0800bd6c                f_open
 .text.f_read   0x0800c0e8      0x27e Middlewares\Third_Party\FatFs\src\ff.o
                0x0800c0e8                f_read
 .text.f_sync   0x0800c366       0xfc Middlewares\Third_Party\FatFs\src\ff.o
                0x0800c366                f_sync
 .text.f_close  0x0800c462       0x54 Middlewares\Third_Party\FatFs\src\ff.o
                0x0800c462                f_close
 .text.f_lseek  0x0800c4b6      0x412 Middlewares\Third_Party\FatFs\src\ff.o
                0x0800c4b6                f_lseek
 .text.f_opendir
                0x0800c8c8       0xe6 Middlewares\Third_Party\FatFs\src\ff.o
                0x0800c8c8                f_opendir
 .text.f_unlink
                0x0800c9ae      0x156 Middlewares\Third_Party\FatFs\src\ff.o
                0x0800c9ae                f_unlink
 .text.FATFS_LinkDriverEx
                0x0800cb04       0x98 Middlewares\Third_Party\FatFs\src\ff_gen_drv.o
                0x0800cb04                FATFS_LinkDriverEx
 .text.FATFS_LinkDriver
                0x0800cb9c       0x1e Middlewares\Third_Party\FatFs\src\ff_gen_drv.o
                0x0800cb9c                FATFS_LinkDriver
 *fill*         0x0800cbba        0x2 
 .text.MX_DriverVbusFS
                0x0800cbbc       0x38 USB_HOST\Target\usbh_platform.o
                0x0800cbbc                MX_DriverVbusFS
 .text.MX_USB_HOST_Init
                0x0800cbf4       0x2c USB_HOST\usb_host.o
                0x0800cbf4                MX_USB_HOST_Init
 .text.MX_USB_HOST_Process
                0x0800cc20       0x14 USB_HOST\usb_host.o
                0x0800cc20                MX_USB_HOST_Process
 .text.USBH_UserProcess
                0x0800cc34       0x5c USB_HOST\usb_host.o
 .text.HAL_HCD_MspInit
                0x0800cc90       0x98 USB_HOST\usbh_conf.o
                0x0800cc90                HAL_HCD_MspInit
 .text.HAL_HCD_SOF_Callback
                0x0800cd28       0x1c USB_HOST\usbh_conf.o
                0x0800cd28                HAL_HCD_SOF_Callback
 .text.HAL_HCD_Connect_Callback
                0x0800cd44       0x1c USB_HOST\usbh_conf.o
                0x0800cd44                HAL_HCD_Connect_Callback
 .text.HAL_HCD_Disconnect_Callback
                0x0800cd60       0x1c USB_HOST\usbh_conf.o
                0x0800cd60                HAL_HCD_Disconnect_Callback
 .text.HAL_HCD_HC_NotifyURBChange_Callback
                0x0800cd7c       0x1c USB_HOST\usbh_conf.o
                0x0800cd7c                HAL_HCD_HC_NotifyURBChange_Callback
 .text.USBH_LL_Init
                0x0800cd98       0x80 USB_HOST\usbh_conf.o
                0x0800cd98                USBH_LL_Init
 .text.USBH_LL_Start
                0x0800ce18       0x64 USB_HOST\usbh_conf.o
                0x0800ce18                USBH_LL_Start
 .text.USBH_LL_Stop
                0x0800ce7c       0x64 USB_HOST\usbh_conf.o
                0x0800ce7c                USBH_LL_Stop
 .text.USBH_LL_GetSpeed
                0x0800cee0       0x4a USB_HOST\usbh_conf.o
                0x0800cee0                USBH_LL_GetSpeed
 *fill*         0x0800cf2a        0x2 
 .text.USBH_LL_ResetPort
                0x0800cf2c       0x64 USB_HOST\usbh_conf.o
                0x0800cf2c                USBH_LL_ResetPort
 .text.USBH_LL_GetLastXferSize
                0x0800cf90       0x26 USB_HOST\usbh_conf.o
                0x0800cf90                USBH_LL_GetLastXferSize
 *fill*         0x0800cfb6        0x2 
 .text.USBH_LL_OpenPipe
                0x0800cfb8       0x8c USB_HOST\usbh_conf.o
                0x0800cfb8                USBH_LL_OpenPipe
 .text.USBH_LL_ClosePipe
                0x0800d044       0x6c USB_HOST\usbh_conf.o
                0x0800d044                USBH_LL_ClosePipe
 .text.USBH_LL_SubmitURB
                0x0800d0b0       0x90 USB_HOST\usbh_conf.o
                0x0800d0b0                USBH_LL_SubmitURB
 .text.USBH_LL_GetURBState
                0x0800d140       0x26 USB_HOST\usbh_conf.o
                0x0800d140                USBH_LL_GetURBState
 .text.USBH_LL_DriverVBUS
                0x0800d166       0x2e USB_HOST\usbh_conf.o
                0x0800d166                USBH_LL_DriverVBUS
 .text.USBH_LL_SetToggle
                0x0800d194       0x66 USB_HOST\usbh_conf.o
                0x0800d194                USBH_LL_SetToggle
 .text.USBH_LL_GetToggle
                0x0800d1fa       0x66 USB_HOST\usbh_conf.o
                0x0800d1fa                USBH_LL_GetToggle
 .text.USBH_Delay
                0x0800d260       0x16 USB_HOST\usbh_conf.o
                0x0800d260                USBH_Delay
 *fill*         0x0800d276        0x2 
 .text.Reset_Handler
                0x0800d278       0x50 startup\startup_stm32f407xx.o
                0x0800d278                Reset_Handler
 .text.Default_Handler
                0x0800d2c8        0x2 startup\startup_stm32f407xx.o
                0x0800d2c8                RTC_Alarm_IRQHandler
                0x0800d2c8                HASH_RNG_IRQHandler
                0x0800d2c8                EXTI2_IRQHandler
                0x0800d2c8                TIM8_CC_IRQHandler
                0x0800d2c8                DebugMon_Handler
                0x0800d2c8                TIM1_CC_IRQHandler
                0x0800d2c8                DMA2_Stream5_IRQHandler
                0x0800d2c8                HardFault_Handler
                0x0800d2c8                DMA1_Stream5_IRQHandler
                0x0800d2c8                PVD_IRQHandler
                0x0800d2c8                SDIO_IRQHandler
                0x0800d2c8                TAMP_STAMP_IRQHandler
                0x0800d2c8                PendSV_Handler
                0x0800d2c8                NMI_Handler
                0x0800d2c8                CAN2_RX1_IRQHandler
                0x0800d2c8                EXTI3_IRQHandler
                0x0800d2c8                TIM8_TRG_COM_TIM14_IRQHandler
                0x0800d2c8                TIM1_UP_TIM10_IRQHandler
                0x0800d2c8                TIM8_UP_TIM13_IRQHandler
                0x0800d2c8                I2C3_ER_IRQHandler
                0x0800d2c8                EXTI0_IRQHandler
                0x0800d2c8                I2C2_EV_IRQHandler
                0x0800d2c8                DMA1_Stream2_IRQHandler
                0x0800d2c8                CAN1_RX0_IRQHandler
                0x0800d2c8                FPU_IRQHandler
                0x0800d2c8                OTG_HS_WKUP_IRQHandler
                0x0800d2c8                UsageFault_Handler
                0x0800d2c8                CAN2_SCE_IRQHandler
                0x0800d2c8                DMA2_Stream2_IRQHandler
                0x0800d2c8                SPI1_IRQHandler
                0x0800d2c8                TIM6_DAC_IRQHandler
                0x0800d2c8                TIM1_BRK_TIM9_IRQHandler
                0x0800d2c8                DCMI_IRQHandler
                0x0800d2c8                CAN2_RX0_IRQHandler
                0x0800d2c8                DMA2_Stream3_IRQHandler
                0x0800d2c8                USART6_IRQHandler
                0x0800d2c8                USART3_IRQHandler
                0x0800d2c8                CAN1_RX1_IRQHandler
                0x0800d2c8                UART5_IRQHandler
                0x0800d2c8                DMA2_Stream0_IRQHandler
                0x0800d2c8                TIM4_IRQHandler
                0x0800d2c8                I2C1_EV_IRQHandler
                0x0800d2c8                DMA1_Stream6_IRQHandler
                0x0800d2c8                DMA1_Stream1_IRQHandler
                0x0800d2c8                UART4_IRQHandler
                0x0800d2c8                TIM3_IRQHandler
                0x0800d2c8                RCC_IRQHandler
                0x0800d2c8                TIM8_BRK_TIM12_IRQHandler
                0x0800d2c8                Default_Handler
                0x0800d2c8                EXTI15_10_IRQHandler
                0x0800d2c8                ADC_IRQHandler
                0x0800d2c8                DMA1_Stream7_IRQHandler
                0x0800d2c8                TIM7_IRQHandler
                0x0800d2c8                CAN2_TX_IRQHandler
                0x0800d2c8                TIM5_IRQHandler
                0x0800d2c8                DMA2_Stream7_IRQHandler
                0x0800d2c8                I2C3_EV_IRQHandler
                0x0800d2c8                EXTI9_5_IRQHandler
                0x0800d2c8                RTC_WKUP_IRQHandler
                0x0800d2c8                ETH_WKUP_IRQHandler
                0x0800d2c8                SPI2_IRQHandler
                0x0800d2c8                OTG_HS_EP1_IN_IRQHandler
                0x0800d2c8                MemManage_Handler
                0x0800d2c8                DMA1_Stream0_IRQHandler
                0x0800d2c8                CAN1_TX_IRQHandler
                0x0800d2c8                SVC_Handler
                0x0800d2c8                EXTI4_IRQHandler
                0x0800d2c8                FSMC_IRQHandler
                0x0800d2c8                ETH_IRQHandler
                0x0800d2c8                OTG_HS_EP1_OUT_IRQHandler
                0x0800d2c8                WWDG_IRQHandler
                0x0800d2c8                TIM2_IRQHandler
                0x0800d2c8                OTG_FS_WKUP_IRQHandler
                0x0800d2c8                TIM1_TRG_COM_TIM11_IRQHandler
                0x0800d2c8                OTG_HS_IRQHandler
                0x0800d2c8                EXTI1_IRQHandler
                0x0800d2c8                USART2_IRQHandler
                0x0800d2c8                I2C2_ER_IRQHandler
                0x0800d2c8                DMA2_Stream1_IRQHandler
                0x0800d2c8                CAN1_SCE_IRQHandler
                0x0800d2c8                FLASH_IRQHandler
                0x0800d2c8                DMA2_Stream4_IRQHandler
                0x0800d2c8                BusFault_Handler
                0x0800d2c8                USART1_IRQHandler
                0x0800d2c8                SPI3_IRQHandler
                0x0800d2c8                DMA1_Stream4_IRQHandler
                0x0800d2c8                I2C1_ER_IRQHandler
                0x0800d2c8                DMA2_Stream6_IRQHandler
                0x0800d2c8                DMA1_Stream3_IRQHandler
 *fill*         0x0800d2ca        0x2 
 .text.__libc_init_array
                0x0800d2cc       0x48 c:/program files (x86)/atollic/truestudio for stm32 9.0.1/armtools/bin/../lib/gcc/arm-atollic-eabi/6.3.1/../../../../arm-atollic-eabi/lib/armv7e-m/fpu\libc_nano.a(lib_a-init.o)
                0x0800d2cc                __libc_init_array
 .text.malloc   0x0800d314       0x10 c:/program files (x86)/atollic/truestudio for stm32 9.0.1/armtools/bin/../lib/gcc/arm-atollic-eabi/6.3.1/../../../../arm-atollic-eabi/lib/armv7e-m/fpu\libc_nano.a(lib_a-malloc.o)
                0x0800d314                malloc
 .text.free     0x0800d324       0x10 c:/program files (x86)/atollic/truestudio for stm32 9.0.1/armtools/bin/../lib/gcc/arm-atollic-eabi/6.3.1/../../../../arm-atollic-eabi/lib/armv7e-m/fpu\libc_nano.a(lib_a-malloc.o)
                0x0800d324                free
 .text.memcpy   0x0800d334       0x16 c:/program files (x86)/atollic/truestudio for stm32 9.0.1/armtools/bin/../lib/gcc/arm-atollic-eabi/6.3.1/../../../../arm-atollic-eabi/lib/armv7e-m/fpu\libc_nano.a(lib_a-memcpy-stub.o)
                0x0800d334                memcpy
 .text.memset   0x0800d34a       0x10 c:/program files (x86)/atollic/truestudio for stm32 9.0.1/armtools/bin/../lib/gcc/arm-atollic-eabi/6.3.1/../../../../arm-atollic-eabi/lib/armv7e-m/fpu\libc_nano.a(lib_a-memset.o)
                0x0800d34a                memset
 *fill*         0x0800d35a        0x2 
 .text._free_r  0x0800d35c       0x9c c:/program files (x86)/atollic/truestudio for stm32 9.0.1/armtools/bin/../lib/gcc/arm-atollic-eabi/6.3.1/../../../../arm-atollic-eabi/lib/armv7e-m/fpu\libc_nano.a(lib_a-nano-freer.o)
                0x0800d35c                _free_r
 .text._malloc_r
                0x0800d3f8       0xbc c:/program files (x86)/atollic/truestudio for stm32 9.0.1/armtools/bin/../lib/gcc/arm-atollic-eabi/6.3.1/../../../../arm-atollic-eabi/lib/armv7e-m/fpu\libc_nano.a(lib_a-nano-mallocr.o)
                0x0800d3f8                _malloc_r
 .text._sbrk_r  0x0800d4b4       0x20 c:/program files (x86)/atollic/truestudio for stm32 9.0.1/armtools/bin/../lib/gcc/arm-atollic-eabi/6.3.1/../../../../arm-atollic-eabi/lib/armv7e-m/fpu\libc_nano.a(lib_a-sbrkr.o)
                0x0800d4b4                _sbrk_r
 .text.__malloc_lock
                0x0800d4d4        0x2 c:/program files (x86)/atollic/truestudio for stm32 9.0.1/armtools/bin/../lib/gcc/arm-atollic-eabi/6.3.1/../../../../arm-atollic-eabi/lib/armv7e-m/fpu\libc_nano.a(lib_a-mlock.o)
                0x0800d4d4                __malloc_lock
 .text.__malloc_unlock
                0x0800d4d6        0x2 c:/program files (x86)/atollic/truestudio for stm32 9.0.1/armtools/bin/../lib/gcc/arm-atollic-eabi/6.3.1/../../../../arm-atollic-eabi/lib/armv7e-m/fpu\libc_nano.a(lib_a-mlock.o)
                0x0800d4d6                __malloc_unlock
 .text._sbrk    0x0800d4d8       0x1c c:/program files (x86)/atollic/truestudio for stm32 9.0.1/armtools/bin/../lib/gcc/arm-atollic-eabi/6.3.1/../../../../arm-atollic-eabi/lib/armv7e-m/fpu\libnosys.a(sbrk.o)
                0x0800d4d8                _sbrk
 *(.glue_7)
 .glue_7        0x0800d4f4        0x0 linker stubs
 *(.glue_7t)
 .glue_7t       0x0800d4f4        0x0 linker stubs
 *(.eh_frame)
 .eh_frame      0x0800d4f4        0x0 c:/program files (x86)/atollic/truestudio for stm32 9.0.1/armtools/bin/../lib/gcc/arm-atollic-eabi/6.3.1/armv7e-m/fpu/crtbegin.o
 *(.init)
 .init          0x0800d4f4        0x4 c:/program files (x86)/atollic/truestudio for stm32 9.0.1/armtools/bin/../lib/gcc/arm-atollic-eabi/6.3.1/armv7e-m/fpu/crti.o
                0x0800d4f4                _init
 .init          0x0800d4f8        0x8 c:/program files (x86)/atollic/truestudio for stm32 9.0.1/armtools/bin/../lib/gcc/arm-atollic-eabi/6.3.1/armv7e-m/fpu/crtn.o
 *(.fini)
 .fini          0x0800d500        0x4 c:/program files (x86)/atollic/truestudio for stm32 9.0.1/armtools/bin/../lib/gcc/arm-atollic-eabi/6.3.1/armv7e-m/fpu/crti.o
                0x0800d500                _fini
 .fini          0x0800d504        0x8 c:/program files (x86)/atollic/truestudio for stm32 9.0.1/armtools/bin/../lib/gcc/arm-atollic-eabi/6.3.1/armv7e-m/fpu/crtn.o
                0x0800d50c                . = ALIGN (0x4)
                0x0800d50c                _etext = .

.vfp11_veneer   0x0800d50c        0x0
 .vfp11_veneer  0x0800d50c        0x0 linker stubs

.v4_bx          0x0800d50c        0x0
 .v4_bx         0x0800d50c        0x0 linker stubs

.iplt           0x0800d50c        0x0
 .iplt          0x0800d50c        0x0 c:/program files (x86)/atollic/truestudio for stm32 9.0.1/armtools/bin/../lib/gcc/arm-atollic-eabi/6.3.1/armv7e-m/fpu/crtbegin.o

.rodata         0x0800d50c      0x1e4
                0x0800d50c                . = ALIGN (0x4)
 *(.rodata)
 .rodata        0x0800d50c       0x12 Core\Src\i2c.o
 *fill*         0x0800d51e        0x2 
 .rodata        0x0800d520       0x1d Core\Src\main.o
 *fill*         0x0800d53d        0x3 
 .rodata        0x0800d540       0x12 Core\Src\spi.o
 *fill*         0x0800d552        0x2 
 .rodata        0x0800d554       0x25 Core\Src\waveplayer.o
 *fill*         0x0800d579        0x3 
 .rodata        0x0800d57c        0x4 Middlewares\ST\STM32_USB_Host_Library\Class\MSC\Src\usbh_msc.o
 .rodata        0x0800d580       0x44 Middlewares\Third_Party\FatFs\src\ff.o
 .rodata        0x0800d5c4       0x18 USB_HOST\usbh_conf.o
 *(.rodata*)
 .rodata.I2SFreq
                0x0800d5dc       0x20 Core\Src\stm32f4_discovery_audio.o
                0x0800d5dc                I2SFreq
 .rodata.I2SPLLN
                0x0800d5fc       0x20 Core\Src\stm32f4_discovery_audio.o
                0x0800d5fc                I2SPLLN
 .rodata.I2SPLLR
                0x0800d61c       0x20 Core\Src\stm32f4_discovery_audio.o
                0x0800d61c                I2SPLLR
 .rodata.AHBPrescTable
                0x0800d63c       0x10 Core\Src\system_stm32f4xx.o
                0x0800d63c                AHBPrescTable
 .rodata.APBPrescTable
                0x0800d64c        0x8 Core\Src\system_stm32f4xx.o
                0x0800d64c                APBPrescTable
 .rodata.flagBitshiftOffset.8972
                0x0800d654        0x8 Drivers\STM32F4xx_HAL_Driver\Src\stm32f4xx_hal_dma.o
 .rodata.USBH_Driver
                0x0800d65c       0x14 FATFS\usbh_diskio_dma.o
                0x0800d65c                USBH_Driver
 .rodata.ExCvt  0x0800d670       0x80 Middlewares\Third_Party\FatFs\src\ff.o
                0x0800d6f0                . = ALIGN (0x4)

.ARM.extab
 *(.ARM.extab* .gnu.linkonce.armextab.*)

.ARM            0x0800d6f0        0x8
                0x0800d6f0                __exidx_start = .
 *(.ARM.exidx*)
 .ARM.exidx     0x0800d6f0        0x8 c:/program files (x86)/atollic/truestudio for stm32 9.0.1/armtools/bin/../lib/gcc/arm-atollic-eabi/6.3.1/armv7e-m/fpu\libgcc.a(_udivmoddi4.o)
                0x0800d6f8                __exidx_end = .

.rel.dyn        0x0800d6f8        0x0
 .rel.iplt      0x0800d6f8        0x0 c:/program files (x86)/atollic/truestudio for stm32 9.0.1/armtools/bin/../lib/gcc/arm-atollic-eabi/6.3.1/armv7e-m/fpu/crtbegin.o

.preinit_array  0x0800d6f8        0x0
                0x0800d6f8                PROVIDE (__preinit_array_start, .)
 *(.preinit_array*)
                0x0800d6f8                PROVIDE (__preinit_array_end, .)

.init_array     0x0800d6f8        0x4
                0x0800d6f8                PROVIDE (__init_array_start, .)
 *(SORT(.init_array.*))
 *(.init_array*)
 .init_array    0x0800d6f8        0x4 c:/program files (x86)/atollic/truestudio for stm32 9.0.1/armtools/bin/../lib/gcc/arm-atollic-eabi/6.3.1/armv7e-m/fpu/crtbegin.o
                0x0800d6fc                PROVIDE (__init_array_end, .)

.fini_array     0x0800d6fc        0x4
                [!provide]                PROVIDE (__fini_array_start, .)
 *(SORT(.fini_array.*))
 *(.fini_array*)
 .fini_array    0x0800d6fc        0x4 c:/program files (x86)/atollic/truestudio for stm32 9.0.1/armtools/bin/../lib/gcc/arm-atollic-eabi/6.3.1/armv7e-m/fpu/crtbegin.o
                [!provide]                PROVIDE (__fini_array_end, .)
                0x0800d700                _sidata = LOADADDR (.data)

.data           0x20000000       0xc8 load address 0x0800d700
                0x20000000                . = ALIGN (0x4)
                0x20000000                _sdata = .
 *(.data)
 *(.data*)
 .data.cs43l22_drv
                0x20000000       0x30 Core\Src\cs43l22.o
                0x20000000                cs43l22_drv
 .data.Is_cs43l22_Stop
                0x20000030        0x1 Core\Src\cs43l22.o
 *fill*         0x20000031        0x3 
 .data.I2cxTimeout
                0x20000034        0x4 Core\Src\stm32f4_discovery.o
                0x20000034                I2cxTimeout
 .data.SystemCoreClock
                0x20000038        0x4 Core\Src\system_stm32f4xx.o
                0x20000038                SystemCoreClock
 .data.uwTickPrio
                0x2000003c        0x4 Drivers\STM32F4xx_HAL_Driver\Src\stm32f4xx_hal.o
                0x2000003c                uwTickPrio
 .data.uwTickFreq
                0x20000040        0x1 Drivers\STM32F4xx_HAL_Driver\Src\stm32f4xx_hal.o
                0x20000040                uwTickFreq
 *fill*         0x20000041        0x3 
 .data.USBH_msc
                0x20000044       0x20 Middlewares\ST\STM32_USB_Host_Library\Class\MSC\Src\usbh_msc.o
                0x20000044                USBH_msc
 .data._impure_ptr
                0x20000064        0x4 c:/program files (x86)/atollic/truestudio for stm32 9.0.1/armtools/bin/../lib/gcc/arm-atollic-eabi/6.3.1/../../../../arm-atollic-eabi/lib/armv7e-m/fpu\libc_nano.a(lib_a-impure.o)
                0x20000064                _impure_ptr
 .data.impure_data
                0x20000068       0x60 c:/program files (x86)/atollic/truestudio for stm32 9.0.1/armtools/bin/../lib/gcc/arm-atollic-eabi/6.3.1/../../../../arm-atollic-eabi/lib/armv7e-m/fpu\libc_nano.a(lib_a-impure.o)
                0x200000c8                . = ALIGN (0x4)
                0x200000c8                _edata = .
                0x0800d7c8                _siccmram = LOADADDR (.ccmram)

.igot.plt       0x200000c8        0x0 load address 0x0800d7c8
 .igot.plt      0x200000c8        0x0 c:/program files (x86)/atollic/truestudio for stm32 9.0.1/armtools/bin/../lib/gcc/arm-atollic-eabi/6.3.1/armv7e-m/fpu/crtbegin.o

.ccmram         0x10000000        0x0 load address 0x0800d7c8
                0x10000000                . = ALIGN (0x4)
                0x10000000                _sccmram = .
 *(.ccmram)
 *(.ccmram*)
                0x10000000                . = ALIGN (0x4)
                0x10000000                _eccmram = .
                0x10000000                . = ALIGN (0x4)

.bss            0x200000c8    0x156a0
                0x200000c8                _sbss = .
                0x200000c8                __bss_start__ = _sbss
 *(.bss)
 .bss           0x200000c8       0x1c c:/program files (x86)/atollic/truestudio for stm32 9.0.1/armtools/bin/../lib/gcc/arm-atollic-eabi/6.3.1/armv7e-m/fpu/crtbegin.o
 *(.bss*)
 .bss.OutputDev
                0x200000e4        0x1 Core\Src\cs43l22.o
                0x200000e4                OutputDev
 *fill*         0x200000e5        0x3 
 .bss.I2cHandle
                0x200000e8       0x54 Core\Src\stm32f4_discovery.o
 .bss.pAudioDrv
                0x2000013c        0x4 Core\Src\stm32f4_discovery_audio.o
 .bss.hdma_i2sTx.9139
                0x20000140       0x60 Core\Src\stm32f4_discovery_audio.o
 .bss.WaveDataLength
                0x200001a0        0x4 Core\Src\waveplayer.o
 .bss.AudioRemSize
                0x200001a4        0x4 Core\Src\waveplayer.o
 .bss.buffer_offset
                0x200001a8        0x1 Core\Src\waveplayer.o
                0x200001a8                buffer_offset
 *fill*         0x200001a9        0x3 
 .bss.scratch   0x200001ac      0x200 FATFS\usbh_diskio_dma.o
 .bss.FatFs     0x200003ac        0x4 Middlewares\Third_Party\FatFs\src\ff.o
 .bss.Fsid      0x200003b0        0x2 Middlewares\Third_Party\FatFs\src\ff.o
 *fill*         0x200003b2        0x2 
 .bss.Files     0x200003b4       0x20 Middlewares\Third_Party\FatFs\src\ff.o
 .bss.disk      0x200003d4        0xc Middlewares\Third_Party\FatFs\src\ff_gen_drv.o
                0x200003d4                disk
 .bss.Appli_state
                0x200003e0        0x1 USB_HOST\usb_host.o
                0x200003e0                Appli_state
 *fill*         0x200003e1        0x3 
 .bss.__malloc_free_list
                0x200003e4        0x4 c:/program files (x86)/atollic/truestudio for stm32 9.0.1/armtools/bin/../lib/gcc/arm-atollic-eabi/6.3.1/../../../../arm-atollic-eabi/lib/armv7e-m/fpu\libc_nano.a(lib_a-nano-mallocr.o)
                0x200003e4                __malloc_free_list
 .bss.__malloc_sbrk_start
                0x200003e8        0x4 c:/program files (x86)/atollic/truestudio for stm32 9.0.1/armtools/bin/../lib/gcc/arm-atollic-eabi/6.3.1/../../../../arm-atollic-eabi/lib/armv7e-m/fpu\libc_nano.a(lib_a-nano-mallocr.o)
                0x200003e8                __malloc_sbrk_start
 .bss.heap_end.5239
                0x200003ec        0x4 c:/program files (x86)/atollic/truestudio for stm32 9.0.1/armtools/bin/../lib/gcc/arm-atollic-eabi/6.3.1/../../../../arm-atollic-eabi/lib/armv7e-m/fpu\libnosys.a(sbrk.o)
 *(COMMON)
 COMMON         0x200003f0       0x54 Core\Src\i2c.o
                0x200003f0                hi2c1
 COMMON         0x20000444      0x464 Core\Src\main.o
                0x20000444                myFile
                0x20000674                myBytes
                0x20000678                myFatFS
 COMMON         0x200008a8       0x58 Core\Src\spi.o
                0x200008a8                hspi1
 COMMON         0x20000900      0x134 Core\Src\stm32f4_discovery_audio.o
                0x20000900                PDM_FilterConfig
                0x2000090c                PDM_FilterHandler
                0x200009a4                hAudioOutI2s
                0x200009ec                hAudioInI2s
 COMMON         0x20000a34    0x14264 Core\Src\waveplayer.o
                0x20000a34                Audio_Buffer
                0x20014a34                Directory
                0x20014a64                LEDsState
                0x20014a68                FileRead
 COMMON         0x20014c98        0x4 Drivers\STM32F4xx_HAL_Driver\Src\stm32f4xx_hal.o
                0x20014c98                uwTick
 COMMON         0x20014c9c      0x465 FATFS\fatfs.o
                0x20014c9c                USBHPath
                0x20014ca0                USBHFile
                0x20014ed0                USBHFatFS
                0x20015100                retUSBH
 *fill*         0x20015101        0x3 
 COMMON         0x20015104      0x3c8 USB_HOST\usb_host.o
                0x20015104                hUsbHostFS
 COMMON         0x200154cc      0x298 USB_HOST\usbh_conf.o
                0x200154cc                hhcd_USB_OTG_FS
 COMMON         0x20015764        0x4 c:/program files (x86)/atollic/truestudio for stm32 9.0.1/armtools/bin/../lib/gcc/arm-atollic-eabi/6.3.1/../../../../arm-atollic-eabi/lib/armv7e-m/fpu\libc_nano.a(lib_a-reent.o)
                0x20015764                errno
                0x20015768                . = ALIGN (0x4)
                0x20015768                _ebss = .
                0x20015768                __bss_end__ = _ebss

._user_heap_stack
                0x20015768     0x6000
                0x20015768                . = ALIGN (0x4)
                0x20015768                PROVIDE (end, .)
                [!provide]                PROVIDE (_end, .)
                0x20017768                . = (. + _Min_Heap_Size)
 *fill*         0x20015768     0x2000 
                0x2001b768                . = (. + _Min_Stack_Size)
 *fill*         0x20017768     0x4000 
                0x2001b768                . = ALIGN (0x4)

/DISCARD/
 libc.a(*)
 libm.a(*)
 libgcc.a(*)

.ARM.attributes
                0x00000000       0x30
 *(.ARM.attributes)
 .ARM.attributes
                0x00000000       0x22 c:/program files (x86)/atollic/truestudio for stm32 9.0.1/armtools/bin/../lib/gcc/arm-atollic-eabi/6.3.1/armv7e-m/fpu/crti.o
 .ARM.attributes
                0x00000022       0x34 c:/program files (x86)/atollic/truestudio for stm32 9.0.1/armtools/bin/../lib/gcc/arm-atollic-eabi/6.3.1/armv7e-m/fpu/crtbegin.o
 .ARM.attributes
                0x00000056       0x39 Core\Src\cs43l22.o
 .ARM.attributes
                0x0000008f       0x39 Core\Src\gpio.o
 .ARM.attributes
                0x000000c8       0x39 Core\Src\i2c.o
 .ARM.attributes
                0x00000101       0x39 Core\Src\i2s.o
 .ARM.attributes
                0x0000013a       0x39 Core\Src\main.o
 .ARM.attributes
                0x00000173       0x39 Core\Src\spi.o
 .ARM.attributes
                0x000001ac       0x39 Core\Src\stm32f4_discovery.o
 .ARM.attributes
                0x000001e5       0x39 Core\Src\stm32f4_discovery_audio.o
 .ARM.attributes
                0x0000021e       0x39 Core\Src\stm32f4xx_hal_msp.o
 .ARM.attributes
                0x00000257       0x39 Core\Src\stm32f4xx_it.o
 .ARM.attributes
                0x00000290       0x39 Core\Src\system_stm32f4xx.o
 .ARM.attributes
                0x000002c9       0x39 Core\Src\waveplayer.o
 .ARM.attributes
                0x00000302       0x39 Drivers\STM32F4xx_HAL_Driver\Src\stm32f4xx_hal.o
 .ARM.attributes
                0x0000033b       0x39 Drivers\STM32F4xx_HAL_Driver\Src\stm32f4xx_hal_cortex.o
 .ARM.attributes
                0x00000374       0x39 Drivers\STM32F4xx_HAL_Driver\Src\stm32f4xx_hal_dma.o
 .ARM.attributes
                0x000003ad       0x39 Drivers\STM32F4xx_HAL_Driver\Src\stm32f4xx_hal_gpio.o
 .ARM.attributes
                0x000003e6       0x39 Drivers\STM32F4xx_HAL_Driver\Src\stm32f4xx_hal_hcd.o
 .ARM.attributes
                0x0000041f       0x39 Drivers\STM32F4xx_HAL_Driver\Src\stm32f4xx_hal_i2c.o
 .ARM.attributes
                0x00000458       0x39 Drivers\STM32F4xx_HAL_Driver\Src\stm32f4xx_hal_i2s.o
 .ARM.attributes
                0x00000491       0x39 Drivers\STM32F4xx_HAL_Driver\Src\stm32f4xx_hal_i2s_ex.o
 .ARM.attributes
                0x000004ca       0x39 Drivers\STM32F4xx_HAL_Driver\Src\stm32f4xx_hal_rcc.o
 .ARM.attributes
                0x00000503       0x39 Drivers\STM32F4xx_HAL_Driver\Src\stm32f4xx_hal_rcc_ex.o
 .ARM.attributes
                0x0000053c       0x39 Drivers\STM32F4xx_HAL_Driver\Src\stm32f4xx_hal_spi.o
 .ARM.attributes
                0x00000575       0x39 Drivers\STM32F4xx_HAL_Driver\Src\stm32f4xx_ll_usb.o
 .ARM.attributes
                0x000005ae       0x39 FATFS\fatfs.o
 .ARM.attributes
                0x000005e7       0x39 FATFS\usbh_diskio_dma.o
 .ARM.attributes
                0x00000620       0x39 Middlewares\ST\STM32_USB_Host_Library\Class\MSC\Src\usbh_msc.o
 .ARM.attributes
                0x00000659       0x39 Middlewares\ST\STM32_USB_Host_Library\Class\MSC\Src\usbh_msc_bot.o
 .ARM.attributes
                0x00000692       0x39 Middlewares\ST\STM32_USB_Host_Library\Class\MSC\Src\usbh_msc_scsi.o
 .ARM.attributes
                0x000006cb       0x39 Middlewares\ST\STM32_USB_Host_Library\Core\Src\usbh_core.o
 .ARM.attributes
                0x00000704       0x39 Middlewares\ST\STM32_USB_Host_Library\Core\Src\usbh_ctlreq.o
 .ARM.attributes
                0x0000073d       0x39 Middlewares\ST\STM32_USB_Host_Library\Core\Src\usbh_ioreq.o
 .ARM.attributes
                0x00000776       0x39 Middlewares\ST\STM32_USB_Host_Library\Core\Src\usbh_pipes.o
 .ARM.attributes
                0x000007af       0x39 Middlewares\Third_Party\FatFs\src\diskio.o
 .ARM.attributes
                0x000007e8       0x39 Middlewares\Third_Party\FatFs\src\ff.o
 .ARM.attributes
                0x00000821       0x39 Middlewares\Third_Party\FatFs\src\ff_gen_drv.o
 .ARM.attributes
                0x0000085a       0x39 USB_HOST\Target\usbh_platform.o
 .ARM.attributes
                0x00000893       0x39 USB_HOST\usb_host.o
 .ARM.attributes
                0x000008cc       0x39 USB_HOST\usbh_conf.o
 .ARM.attributes
                0x00000905       0x21 startup\startup_stm32f407xx.o
 .ARM.attributes
                0x00000926       0x34 c:/program files (x86)/atollic/truestudio for stm32 9.0.1/armtools/bin/../lib/gcc/arm-atollic-eabi/6.3.1/../../../../arm-atollic-eabi/lib/armv7e-m/fpu\libc_nano.a(lib_a-init.o)
 .ARM.attributes
                0x0000095a       0x34 c:/program files (x86)/atollic/truestudio for stm32 9.0.1/armtools/bin/../lib/gcc/arm-atollic-eabi/6.3.1/../../../../arm-atollic-eabi/lib/armv7e-m/fpu\libc_nano.a(lib_a-malloc.o)
 .ARM.attributes
                0x0000098e       0x34 c:/program files (x86)/atollic/truestudio for stm32 9.0.1/armtools/bin/../lib/gcc/arm-atollic-eabi/6.3.1/../../../../arm-atollic-eabi/lib/armv7e-m/fpu\libc_nano.a(lib_a-memcpy-stub.o)
 .ARM.attributes
                0x000009c2       0x34 c:/program files (x86)/atollic/truestudio for stm32 9.0.1/armtools/bin/../lib/gcc/arm-atollic-eabi/6.3.1/../../../../arm-atollic-eabi/lib/armv7e-m/fpu\libc_nano.a(lib_a-memset.o)
 .ARM.attributes
                0x000009f6       0x34 c:/program files (x86)/atollic/truestudio for stm32 9.0.1/armtools/bin/../lib/gcc/arm-atollic-eabi/6.3.1/../../../../arm-atollic-eabi/lib/armv7e-m/fpu\libc_nano.a(lib_a-nano-freer.o)
 .ARM.attributes
                0x00000a2a       0x34 c:/program files (x86)/atollic/truestudio for stm32 9.0.1/armtools/bin/../lib/gcc/arm-atollic-eabi/6.3.1/../../../../arm-atollic-eabi/lib/armv7e-m/fpu\libc_nano.a(lib_a-nano-mallocr.o)
 .ARM.attributes
                0x00000a5e       0x34 c:/program files (x86)/atollic/truestudio for stm32 9.0.1/armtools/bin/../lib/gcc/arm-atollic-eabi/6.3.1/../../../../arm-atollic-eabi/lib/armv7e-m/fpu\libc_nano.a(lib_a-sbrkr.o)
 .ARM.attributes
                0x00000a92       0x34 c:/program files (x86)/atollic/truestudio for stm32 9.0.1/armtools/bin/../lib/gcc/arm-atollic-eabi/6.3.1/../../../../arm-atollic-eabi/lib/armv7e-m/fpu\libc_nano.a(lib_a-impure.o)
 .ARM.attributes
                0x00000ac6       0x34 c:/program files (x86)/atollic/truestudio for stm32 9.0.1/armtools/bin/../lib/gcc/arm-atollic-eabi/6.3.1/../../../../arm-atollic-eabi/lib/armv7e-m/fpu\libc_nano.a(lib_a-mlock.o)
 .ARM.attributes
                0x00000afa       0x34 c:/program files (x86)/atollic/truestudio for stm32 9.0.1/armtools/bin/../lib/gcc/arm-atollic-eabi/6.3.1/../../../../arm-atollic-eabi/lib/armv7e-m/fpu\libc_nano.a(lib_a-reent.o)
 .ARM.attributes
                0x00000b2e       0x22 c:/program files (x86)/atollic/truestudio for stm32 9.0.1/armtools/bin/../lib/gcc/arm-atollic-eabi/6.3.1/armv7e-m/fpu\libgcc.a(_aeabi_uldivmod.o)
 .ARM.attributes
                0x00000b50       0x34 c:/program files (x86)/atollic/truestudio for stm32 9.0.1/armtools/bin/../lib/gcc/arm-atollic-eabi/6.3.1/armv7e-m/fpu\libgcc.a(_udivmoddi4.o)
 .ARM.attributes
                0x00000b84       0x22 c:/program files (x86)/atollic/truestudio for stm32 9.0.1/armtools/bin/../lib/gcc/arm-atollic-eabi/6.3.1/armv7e-m/fpu\libgcc.a(_dvmd_tls.o)
 .ARM.attributes
                0x00000ba6       0x34 c:/program files (x86)/atollic/truestudio for stm32 9.0.1/armtools/bin/../lib/gcc/arm-atollic-eabi/6.3.1/../../../../arm-atollic-eabi/lib/armv7e-m/fpu\libnosys.a(sbrk.o)
 .ARM.attributes
                0x00000bda       0x22 c:/program files (x86)/atollic/truestudio for stm32 9.0.1/armtools/bin/../lib/gcc/arm-atollic-eabi/6.3.1/armv7e-m/fpu/crtn.o
OUTPUT(0713002.elf elf32-littlearm)

.debug_info     0x00000000    0x3533b
 .debug_info    0x00000000      0x58e Core\Src\cs43l22.o
 .debug_info    0x0000058e      0xcc2 Core\Src\gpio.o
 .debug_info    0x00001250     0x1179 Core\Src\i2c.o
 .debug_info    0x000023c9     0x112d Core\Src\i2s.o
 .debug_info    0x000034f6     0x2574 Core\Src\main.o
 .debug_info    0x00005a6a     0x1152 Core\Src\spi.o
 .debug_info    0x00006bbc     0x1c60 Core\Src\stm32f4_discovery.o
 .debug_info    0x0000881c     0x1e23 Core\Src\stm32f4_discovery_audio.o
 .debug_info    0x0000a63f      0xd48 Core\Src\stm32f4xx_hal_msp.o
 .debug_info    0x0000b387      0xddc Core\Src\stm32f4xx_it.o
 .debug_info    0x0000c163      0xd17 Core\Src\system_stm32f4xx.o
 .debug_info    0x0000ce7a     0x1a30 Core\Src\waveplayer.o
 .debug_info    0x0000e8aa     0x111e Drivers\STM32F4xx_HAL_Driver\Src\stm32f4xx_hal.o
 .debug_info    0x0000f9c8     0x15e2 Drivers\STM32F4xx_HAL_Driver\Src\stm32f4xx_hal_cortex.o
 .debug_info    0x00010faa     0x1123 Drivers\STM32F4xx_HAL_Driver\Src\stm32f4xx_hal_dma.o
 .debug_info    0x000120cd      0xf76 Drivers\STM32F4xx_HAL_Driver\Src\stm32f4xx_hal_gpio.o
 .debug_info    0x00013043     0x1513 Drivers\STM32F4xx_HAL_Driver\Src\stm32f4xx_hal_hcd.o
 .debug_info    0x00014556     0x2884 Drivers\STM32F4xx_HAL_Driver\Src\stm32f4xx_hal_i2c.o
 .debug_info    0x00016dda     0x159d Drivers\STM32F4xx_HAL_Driver\Src\stm32f4xx_hal_i2s.o
 .debug_info    0x00018377     0x1295 Drivers\STM32F4xx_HAL_Driver\Src\stm32f4xx_hal_i2s_ex.o
 .debug_info    0x0001960c     0x10b6 Drivers\STM32F4xx_HAL_Driver\Src\stm32f4xx_hal_rcc.o
 .debug_info    0x0001a6c2      0xd6e Drivers\STM32F4xx_HAL_Driver\Src\stm32f4xx_hal_rcc_ex.o
 .debug_info    0x0001b430     0x1cf9 Drivers\STM32F4xx_HAL_Driver\Src\stm32f4xx_hal_spi.o
 .debug_info    0x0001d129     0x1c82 Drivers\STM32F4xx_HAL_Driver\Src\stm32f4xx_ll_usb.o
 .debug_info    0x0001edab     0x1505 FATFS\fatfs.o
 .debug_info    0x000202b0     0x1a86 FATFS\usbh_diskio_dma.o
 .debug_info    0x00021d36     0x1a6b Middlewares\ST\STM32_USB_Host_Library\Class\MSC\Src\usbh_msc.o
 .debug_info    0x000237a1     0x188a Middlewares\ST\STM32_USB_Host_Library\Class\MSC\Src\usbh_msc_bot.o
 .debug_info    0x0002502b     0x18e8 Middlewares\ST\STM32_USB_Host_Library\Class\MSC\Src\usbh_msc_scsi.o
 .debug_info    0x00026913     0x1590 Middlewares\ST\STM32_USB_Host_Library\Core\Src\usbh_core.o
 .debug_info    0x00027ea3     0x16a3 Middlewares\ST\STM32_USB_Host_Library\Core\Src\usbh_ctlreq.o
 .debug_info    0x00029546     0x1430 Middlewares\ST\STM32_USB_Host_Library\Core\Src\usbh_ioreq.o
 .debug_info    0x0002a976     0x1273 Middlewares\ST\STM32_USB_Host_Library\Core\Src\usbh_pipes.o
 .debug_info    0x0002bbe9     0x1456 Middlewares\Third_Party\FatFs\src\diskio.o
 .debug_info    0x0002d03f     0x31d5 Middlewares\Third_Party\FatFs\src\ff.o
 .debug_info    0x00030214     0x13ee Middlewares\Third_Party\FatFs\src\ff_gen_drv.o
 .debug_info    0x00031602      0xa3c USB_HOST\Target\usbh_platform.o
 .debug_info    0x0003203e     0x11c5 USB_HOST\usb_host.o
 .debug_info    0x00033203     0x20a3 USB_HOST\usbh_conf.o
 .debug_info    0x000352a6       0x95 startup\startup_stm32f407xx.o

.debug_abbrev   0x00000000     0x6228
 .debug_abbrev  0x00000000      0x196 Core\Src\cs43l22.o
 .debug_abbrev  0x00000196      0x1c0 Core\Src\gpio.o
 .debug_abbrev  0x00000356      0x1eb Core\Src\i2c.o
 .debug_abbrev  0x00000541      0x1eb Core\Src\i2s.o
 .debug_abbrev  0x0000072c      0x2ce Core\Src\main.o
 .debug_abbrev  0x000009fa      0x1eb Core\Src\spi.o
 .debug_abbrev  0x00000be5      0x2d7 Core\Src\stm32f4_discovery.o
 .debug_abbrev  0x00000ebc      0x2f9 Core\Src\stm32f4_discovery_audio.o
 .debug_abbrev  0x000011b5      0x1c9 Core\Src\stm32f4xx_hal_msp.o
 .debug_abbrev  0x0000137e      0x1b9 Core\Src\stm32f4xx_it.o
 .debug_abbrev  0x00001537      0x1ca Core\Src\system_stm32f4xx.o
 .debug_abbrev  0x00001701      0x2d2 Core\Src\waveplayer.o
 .debug_abbrev  0x000019d3      0x280 Drivers\STM32F4xx_HAL_Driver\Src\stm32f4xx_hal.o
 .debug_abbrev  0x00001c53      0x371 Drivers\STM32F4xx_HAL_Driver\Src\stm32f4xx_hal_cortex.o
 .debug_abbrev  0x00001fc4      0x286 Drivers\STM32F4xx_HAL_Driver\Src\stm32f4xx_hal_dma.o
 .debug_abbrev  0x0000224a      0x24c Drivers\STM32F4xx_HAL_Driver\Src\stm32f4xx_hal_gpio.o
 .debug_abbrev  0x00002496      0x2c2 Drivers\STM32F4xx_HAL_Driver\Src\stm32f4xx_hal_hcd.o
 .debug_abbrev  0x00002758      0x2a1 Drivers\STM32F4xx_HAL_Driver\Src\stm32f4xx_hal_i2c.o
 .debug_abbrev  0x000029f9      0x2b4 Drivers\STM32F4xx_HAL_Driver\Src\stm32f4xx_hal_i2s.o
 .debug_abbrev  0x00002cad      0x289 Drivers\STM32F4xx_HAL_Driver\Src\stm32f4xx_hal_i2s_ex.o
 .debug_abbrev  0x00002f36      0x2c8 Drivers\STM32F4xx_HAL_Driver\Src\stm32f4xx_hal_rcc.o
 .debug_abbrev  0x000031fe      0x221 Drivers\STM32F4xx_HAL_Driver\Src\stm32f4xx_hal_rcc_ex.o
 .debug_abbrev  0x0000341f      0x2ac Drivers\STM32F4xx_HAL_Driver\Src\stm32f4xx_hal_spi.o
 .debug_abbrev  0x000036cb      0x2c8 Drivers\STM32F4xx_HAL_Driver\Src\stm32f4xx_ll_usb.o
 .debug_abbrev  0x00003993      0x25b FATFS\fatfs.o
 .debug_abbrev  0x00003bee      0x2ac FATFS\usbh_diskio_dma.o
 .debug_abbrev  0x00003e9a      0x307 Middlewares\ST\STM32_USB_Host_Library\Class\MSC\Src\usbh_msc.o
 .debug_abbrev  0x000041a1      0x2c8 Middlewares\ST\STM32_USB_Host_Library\Class\MSC\Src\usbh_msc_bot.o
 .debug_abbrev  0x00004469      0x2ae Middlewares\ST\STM32_USB_Host_Library\Class\MSC\Src\usbh_msc_scsi.o
 .debug_abbrev  0x00004717      0x34c Middlewares\ST\STM32_USB_Host_Library\Core\Src\usbh_core.o
 .debug_abbrev  0x00004a63      0x305 Middlewares\ST\STM32_USB_Host_Library\Core\Src\usbh_ctlreq.o
 .debug_abbrev  0x00004d68      0x263 Middlewares\ST\STM32_USB_Host_Library\Core\Src\usbh_ioreq.o
 .debug_abbrev  0x00004fcb      0x29b Middlewares\ST\STM32_USB_Host_Library\Core\Src\usbh_pipes.o
 .debug_abbrev  0x00005266      0x28e Middlewares\Third_Party\FatFs\src\diskio.o
 .debug_abbrev  0x000054f4      0x314 Middlewares\Third_Party\FatFs\src\ff.o
 .debug_abbrev  0x00005808      0x2bb Middlewares\Third_Party\FatFs\src\ff_gen_drv.o
 .debug_abbrev  0x00005ac3      0x1bb USB_HOST\Target\usbh_platform.o
 .debug_abbrev  0x00005c7e      0x261 USB_HOST\usb_host.o
 .debug_abbrev  0x00005edf      0x337 USB_HOST\usbh_conf.o
 .debug_abbrev  0x00006216       0x12 startup\startup_stm32f407xx.o

.debug_aranges  0x00000000     0x1710
 .debug_aranges
                0x00000000       0x80 Core\Src\cs43l22.o
 .debug_aranges
                0x00000080       0x20 Core\Src\gpio.o
 .debug_aranges
                0x000000a0       0x30 Core\Src\i2c.o
 .debug_aranges
                0x000000d0       0x30 Core\Src\i2s.o
 .debug_aranges
                0x00000100       0x38 Core\Src\main.o
 .debug_aranges
                0x00000138       0x30 Core\Src\spi.o
 .debug_aranges
                0x00000168       0xd8 Core\Src\stm32f4_discovery.o
 .debug_aranges
                0x00000240      0x140 Core\Src\stm32f4_discovery_audio.o
 .debug_aranges
                0x00000380       0x20 Core\Src\stm32f4xx_hal_msp.o
 .debug_aranges
                0x000003a0       0x28 Core\Src\stm32f4xx_it.o
 .debug_aranges
                0x000003c8       0x28 Core\Src\system_stm32f4xx.o
 .debug_aranges
                0x000003f0       0x48 Core\Src\waveplayer.o
 .debug_aranges
                0x00000438       0xe0 Drivers\STM32F4xx_HAL_Driver\Src\stm32f4xx_hal.o
 .debug_aranges
                0x00000518      0x118 Drivers\STM32F4xx_HAL_Driver\Src\stm32f4xx_hal_cortex.o
 .debug_aranges
                0x00000630       0x90 Drivers\STM32F4xx_HAL_Driver\Src\stm32f4xx_hal_dma.o
 .debug_aranges
                0x000006c0       0x58 Drivers\STM32F4xx_HAL_Driver\Src\stm32f4xx_hal_gpio.o
 .debug_aranges
                0x00000718       0xe0 Drivers\STM32F4xx_HAL_Driver\Src\stm32f4xx_hal_hcd.o
 .debug_aranges
                0x000007f8      0x268 Drivers\STM32F4xx_HAL_Driver\Src\stm32f4xx_hal_i2c.o
 .debug_aranges
                0x00000a60      0x108 Drivers\STM32F4xx_HAL_Driver\Src\stm32f4xx_hal_i2s.o
 .debug_aranges
                0x00000b68       0x78 Drivers\STM32F4xx_HAL_Driver\Src\stm32f4xx_hal_i2s_ex.o
 .debug_aranges
                0x00000be0       0x88 Drivers\STM32F4xx_HAL_Driver\Src\stm32f4xx_hal_rcc.o
 .debug_aranges
                0x00000c68       0x48 Drivers\STM32F4xx_HAL_Driver\Src\stm32f4xx_hal_rcc_ex.o
 .debug_aranges
                0x00000cb0      0x1c8 Drivers\STM32F4xx_HAL_Driver\Src\stm32f4xx_hal_spi.o
 .debug_aranges
                0x00000e78      0x180 Drivers\STM32F4xx_HAL_Driver\Src\stm32f4xx_ll_usb.o
 .debug_aranges
                0x00000ff8       0x28 FATFS\fatfs.o
 .debug_aranges
                0x00001020       0x40 FATFS\usbh_diskio_dma.o
 .debug_aranges
                0x00001060       0x78 Middlewares\ST\STM32_USB_Host_Library\Class\MSC\Src\usbh_msc.o
 .debug_aranges
                0x000010d8       0x48 Middlewares\ST\STM32_USB_Host_Library\Class\MSC\Src\usbh_msc_bot.o
 .debug_aranges
                0x00001120       0x48 Middlewares\ST\STM32_USB_Host_Library\Class\MSC\Src\usbh_msc_scsi.o
 .debug_aranges
                0x00001168       0xa8 Middlewares\ST\STM32_USB_Host_Library\Core\Src\usbh_core.o
 .debug_aranges
                0x00001210       0x98 Middlewares\ST\STM32_USB_Host_Library\Core\Src\usbh_ctlreq.o
 .debug_aranges
                0x000012a8       0x60 Middlewares\ST\STM32_USB_Host_Library\Core\Src\usbh_ioreq.o
 .debug_aranges
                0x00001308       0x40 Middlewares\ST\STM32_USB_Host_Library\Core\Src\usbh_pipes.o
 .debug_aranges
                0x00001348       0x48 Middlewares\Third_Party\FatFs\src\diskio.o
 .debug_aranges
                0x00001390      0x208 Middlewares\Third_Party\FatFs\src\ff.o
 .debug_aranges
                0x00001598       0x40 Middlewares\Third_Party\FatFs\src\ff_gen_drv.o
 .debug_aranges
                0x000015d8       0x20 USB_HOST\Target\usbh_platform.o
 .debug_aranges
                0x000015f8       0x30 USB_HOST\usb_host.o
 .debug_aranges
                0x00001628       0xc0 USB_HOST\usbh_conf.o
 .debug_aranges
                0x000016e8       0x28 startup\startup_stm32f407xx.o

.debug_ranges   0x00000000     0x1498
 .debug_ranges  0x00000000       0x70 Core\Src\cs43l22.o
 .debug_ranges  0x00000070       0x10 Core\Src\gpio.o
 .debug_ranges  0x00000080       0x20 Core\Src\i2c.o
 .debug_ranges  0x000000a0       0x20 Core\Src\i2s.o
 .debug_ranges  0x000000c0       0x28 Core\Src\main.o
 .debug_ranges  0x000000e8       0x20 Core\Src\spi.o
 .debug_ranges  0x00000108       0xc8 Core\Src\stm32f4_discovery.o
 .debug_ranges  0x000001d0      0x130 Core\Src\stm32f4_discovery_audio.o
 .debug_ranges  0x00000300       0x10 Core\Src\stm32f4xx_hal_msp.o
 .debug_ranges  0x00000310       0x18 Core\Src\stm32f4xx_it.o
 .debug_ranges  0x00000328       0x18 Core\Src\system_stm32f4xx.o
 .debug_ranges  0x00000340       0x38 Core\Src\waveplayer.o
 .debug_ranges  0x00000378       0xd0 Drivers\STM32F4xx_HAL_Driver\Src\stm32f4xx_hal.o
 .debug_ranges  0x00000448      0x108 Drivers\STM32F4xx_HAL_Driver\Src\stm32f4xx_hal_cortex.o
 .debug_ranges  0x00000550       0x80 Drivers\STM32F4xx_HAL_Driver\Src\stm32f4xx_hal_dma.o
 .debug_ranges  0x000005d0       0x48 Drivers\STM32F4xx_HAL_Driver\Src\stm32f4xx_hal_gpio.o
 .debug_ranges  0x00000618       0xd0 Drivers\STM32F4xx_HAL_Driver\Src\stm32f4xx_hal_hcd.o
 .debug_ranges  0x000006e8      0x258 Drivers\STM32F4xx_HAL_Driver\Src\stm32f4xx_hal_i2c.o
 .debug_ranges  0x00000940       0xf8 Drivers\STM32F4xx_HAL_Driver\Src\stm32f4xx_hal_i2s.o
 .debug_ranges  0x00000a38       0x68 Drivers\STM32F4xx_HAL_Driver\Src\stm32f4xx_hal_i2s_ex.o
 .debug_ranges  0x00000aa0       0x78 Drivers\STM32F4xx_HAL_Driver\Src\stm32f4xx_hal_rcc.o
 .debug_ranges  0x00000b18       0x38 Drivers\STM32F4xx_HAL_Driver\Src\stm32f4xx_hal_rcc_ex.o
 .debug_ranges  0x00000b50      0x1b8 Drivers\STM32F4xx_HAL_Driver\Src\stm32f4xx_hal_spi.o
 .debug_ranges  0x00000d08      0x170 Drivers\STM32F4xx_HAL_Driver\Src\stm32f4xx_ll_usb.o
 .debug_ranges  0x00000e78       0x18 FATFS\fatfs.o
 .debug_ranges  0x00000e90       0x30 FATFS\usbh_diskio_dma.o
 .debug_ranges  0x00000ec0       0x68 Middlewares\ST\STM32_USB_Host_Library\Class\MSC\Src\usbh_msc.o
 .debug_ranges  0x00000f28       0x38 Middlewares\ST\STM32_USB_Host_Library\Class\MSC\Src\usbh_msc_bot.o
 .debug_ranges  0x00000f60       0x38 Middlewares\ST\STM32_USB_Host_Library\Class\MSC\Src\usbh_msc_scsi.o
 .debug_ranges  0x00000f98       0x98 Middlewares\ST\STM32_USB_Host_Library\Core\Src\usbh_core.o
 .debug_ranges  0x00001030       0x88 Middlewares\ST\STM32_USB_Host_Library\Core\Src\usbh_ctlreq.o
 .debug_ranges  0x000010b8       0x50 Middlewares\ST\STM32_USB_Host_Library\Core\Src\usbh_ioreq.o
 .debug_ranges  0x00001108       0x30 Middlewares\ST\STM32_USB_Host_Library\Core\Src\usbh_pipes.o
 .debug_ranges  0x00001138       0x38 Middlewares\Third_Party\FatFs\src\diskio.o
 .debug_ranges  0x00001170      0x1f8 Middlewares\Third_Party\FatFs\src\ff.o
 .debug_ranges  0x00001368       0x30 Middlewares\Third_Party\FatFs\src\ff_gen_drv.o
 .debug_ranges  0x00001398       0x10 USB_HOST\Target\usbh_platform.o
 .debug_ranges  0x000013a8       0x20 USB_HOST\usb_host.o
 .debug_ranges  0x000013c8       0xb0 USB_HOST\usbh_conf.o
 .debug_ranges  0x00001478       0x20 startup\startup_stm32f407xx.o

.debug_line     0x00000000     0xe187
 .debug_line    0x00000000      0x2a1 Core\Src\cs43l22.o
 .debug_line    0x000002a1      0x2ab Core\Src\gpio.o
 .debug_line    0x0000054c      0x309 Core\Src\i2c.o
 .debug_line    0x00000855      0x30e Core\Src\i2s.o
 .debug_line    0x00000b63      0x543 Core\Src\main.o
 .debug_line    0x000010a6      0x30a Core\Src\spi.o
 .debug_line    0x000013b0      0x546 Core\Src\stm32f4_discovery.o
 .debug_line    0x000018f6      0x716 Core\Src\stm32f4_discovery_audio.o
 .debug_line    0x0000200c      0x251 Core\Src\stm32f4xx_hal_msp.o
 .debug_line    0x0000225d      0x2be Core\Src\stm32f4xx_it.o
 .debug_line    0x0000251b      0x275 Core\Src\system_stm32f4xx.o
 .debug_line    0x00002790      0x4c7 Core\Src\waveplayer.o
 .debug_line    0x00002c57      0x491 Drivers\STM32F4xx_HAL_Driver\Src\stm32f4xx_hal.o
 .debug_line    0x000030e8      0x5c9 Drivers\STM32F4xx_HAL_Driver\Src\stm32f4xx_hal_cortex.o
 .debug_line    0x000036b1      0x583 Drivers\STM32F4xx_HAL_Driver\Src\stm32f4xx_hal_dma.o
 .debug_line    0x00003c34      0x497 Drivers\STM32F4xx_HAL_Driver\Src\stm32f4xx_hal_gpio.o